Archive member included to satisfy reference by file (symbol)

C:\NXP\MCUXpressoIDE_11.8.0_1165\workspace\peripherals_lib\flash\libperipherals_lib.a(i2c.o)
                              ./src/lib_ENS_II1_lcd_v2.o (I2CmasterWrite)
C:\NXP\MCUXpressoIDE_11.8.0_1165\workspace\peripherals_lib\flash\libperipherals_lib.a(swm.o)
                              ./src/Serial.o (ConfigSWM)
c:/nxp/mcuxpressoide_11.8.0_1165/ide/plugins/com.nxp.mcuxpresso.tools.win32_11.8.0.202306131047/tools/bin/../lib/gcc/arm-none-eabi/12.2.1/../../../../arm-none-eabi/lib/thumb/v6-m/nofp\libcr_semihost_nf.a(_cr__main.o)
                              ./src/MCUXpresso_cr_startup.o (__main)
c:/nxp/mcuxpressoide_11.8.0_1165/ide/plugins/com.nxp.mcuxpresso.tools.win32_11.8.0.202306131047/tools/bin/../lib/gcc/arm-none-eabi/12.2.1/../../../../arm-none-eabi/lib/thumb/v6-m/nofp\libcr_c.a(memcpy.o)
                              ./src/MFRC522v2.o (memcpy)
c:/nxp/mcuxpressoide_11.8.0_1165/ide/plugins/com.nxp.mcuxpresso.tools.win32_11.8.0.202306131047/tools/bin/../lib/gcc/arm-none-eabi/12.2.1/../../../../arm-none-eabi/lib/thumb/v6-m/nofp\libcr_c.a(memset.o)
                              ./src/MFRC522v2.o (memset)
c:/nxp/mcuxpressoide_11.8.0_1165/ide/plugins/com.nxp.mcuxpresso.tools.win32_11.8.0.202306131047/tools/bin/../lib/gcc/arm-none-eabi/12.2.1/../../../../arm-none-eabi/lib/thumb/v6-m/nofp\libcr_c.a(cr_clock.o)
                              ./src/MFRC522v2.o (clock)
c:/nxp/mcuxpressoide_11.8.0_1165/ide/plugins/com.nxp.mcuxpresso.tools.win32_11.8.0.202306131047/tools/bin/../lib/gcc/arm-none-eabi/12.2.1/../../../../arm-none-eabi/lib/thumb/v6-m/nofp\libcr_c.a(initio.o)
                              c:/nxp/mcuxpressoide_11.8.0_1165/ide/plugins/com.nxp.mcuxpresso.tools.win32_11.8.0.202306131047/tools/bin/../lib/gcc/arm-none-eabi/12.2.1/../../../../arm-none-eabi/lib/thumb/v6-m/nofp\libcr_semihost_nf.a(_cr__main.o) (_initio)
c:/nxp/mcuxpressoide_11.8.0_1165/ide/plugins/com.nxp.mcuxpresso.tools.win32_11.8.0.202306131047/tools/bin/../lib/gcc/arm-none-eabi/12.2.1/../../../../arm-none-eabi/lib/thumb/v6-m/nofp\libcr_c.a(printf.o)
                              ./src/MFRC522Debug.o (_printf)
c:/nxp/mcuxpressoide_11.8.0_1165/ide/plugins/com.nxp.mcuxpresso.tools.win32_11.8.0.202306131047/tools/bin/../lib/gcc/arm-none-eabi/12.2.1/../../../../arm-none-eabi/lib/thumb/v6-m/nofp\libcr_c.a(setvbuf.o)
                              c:/nxp/mcuxpressoide_11.8.0_1165/ide/plugins/com.nxp.mcuxpresso.tools.win32_11.8.0.202306131047/tools/bin/../lib/gcc/arm-none-eabi/12.2.1/../../../../arm-none-eabi/lib/thumb/v6-m/nofp\libcr_c.a(initio.o) (setvbuf)
c:/nxp/mcuxpressoide_11.8.0_1165/ide/plugins/com.nxp.mcuxpresso.tools.win32_11.8.0.202306131047/tools/bin/../lib/gcc/arm-none-eabi/12.2.1/../../../../arm-none-eabi/lib/thumb/v6-m/nofp\libcr_c.a(strlen.o)
                              c:/nxp/mcuxpressoide_11.8.0_1165/ide/plugins/com.nxp.mcuxpresso.tools.win32_11.8.0.202306131047/tools/bin/../lib/gcc/arm-none-eabi/12.2.1/../../../../arm-none-eabi/lib/thumb/v6-m/nofp\libcr_c.a(printf.o) (strlen)
c:/nxp/mcuxpressoide_11.8.0_1165/ide/plugins/com.nxp.mcuxpresso.tools.win32_11.8.0.202306131047/tools/bin/../lib/gcc/arm-none-eabi/12.2.1/../../../../arm-none-eabi/lib/thumb/v6-m/nofp\libcr_c.a(_deferredlazyseek.o)
                              c:/nxp/mcuxpressoide_11.8.0_1165/ide/plugins/com.nxp.mcuxpresso.tools.win32_11.8.0.202306131047/tools/bin/../lib/gcc/arm-none-eabi/12.2.1/../../../../arm-none-eabi/lib/thumb/v6-m/nofp\libcr_c.a(printf.o) (__flsbuf)
c:/nxp/mcuxpressoide_11.8.0_1165/ide/plugins/com.nxp.mcuxpresso.tools.win32_11.8.0.202306131047/tools/bin/../lib/gcc/arm-none-eabi/12.2.1/../../../../arm-none-eabi/lib/thumb/v6-m/nofp\libcr_c.a(_fdopen.o)
                              c:/nxp/mcuxpressoide_11.8.0_1165/ide/plugins/com.nxp.mcuxpresso.tools.win32_11.8.0.202306131047/tools/bin/../lib/gcc/arm-none-eabi/12.2.1/../../../../arm-none-eabi/lib/thumb/v6-m/nofp\libcr_c.a(initio.o) (_fdopen)
c:/nxp/mcuxpressoide_11.8.0_1165/ide/plugins/com.nxp.mcuxpresso.tools.win32_11.8.0.202306131047/tools/bin/../lib/gcc/arm-none-eabi/12.2.1/../../../../arm-none-eabi/lib/thumb/v6-m/nofp\libcr_c.a(_fflush.o)
                              c:/nxp/mcuxpressoide_11.8.0_1165/ide/plugins/com.nxp.mcuxpresso.tools.win32_11.8.0.202306131047/tools/bin/../lib/gcc/arm-none-eabi/12.2.1/../../../../arm-none-eabi/lib/thumb/v6-m/nofp\libcr_c.a(_deferredlazyseek.o) (_fflush)
c:/nxp/mcuxpressoide_11.8.0_1165/ide/plugins/com.nxp.mcuxpresso.tools.win32_11.8.0.202306131047/tools/bin/../lib/gcc/arm-none-eabi/12.2.1/../../../../arm-none-eabi/lib/thumb/v6-m/nofp\libcr_c.a(_writebuf.o)
                              c:/nxp/mcuxpressoide_11.8.0_1165/ide/plugins/com.nxp.mcuxpresso.tools.win32_11.8.0.202306131047/tools/bin/../lib/gcc/arm-none-eabi/12.2.1/../../../../arm-none-eabi/lib/thumb/v6-m/nofp\libcr_c.a(_deferredlazyseek.o) (_Cwritebuf)
[...]
Memory Configuration

Name             Origin             Length             Attributes
MFlash32         0x00000000         0x00007f80         xr
RamLoc4          0x10000000         0x00001000         xrw
*default*        0x00000000         0xffffffff

Linker script and memory map

LOAD ./src/MCUXpresso_Retarget.o
LOAD ./src/MCUXpresso_cr_startup.o
LOAD ./src/MCUXpresso_crp.o
LOAD ./src/MCUXpresso_mtb.o
LOAD ./src/MFRC522Debug.o
LOAD ./src/MFRC522DriverSPI.o
LOAD ./src/MFRC522v2.o
LOAD ./src/Serial.o
LOAD ./src/lib_ENS_II1_lcd_v2.o
LOAD ./src/main.o
LOAD ./src/spi.o
LOAD ./src/system.o
LOAD C:\NXP\MCUXpressoIDE_11.8.0_1165\workspace\peripherals_lib\flash\libperipherals_lib.a
LOAD C:\NXP\MCUXpressoIDE_11.8.0_1165\workspace\utilities_lib\flash\libutilities_lib.a
START GROUP
LOAD c:/nxp/mcuxpressoide_11.8.0_1165/ide/plugins/com.nxp.mcuxpresso.tools.win32_11.8.0.202306131047/tools/bin/../lib/gcc/arm-none-eabi/12.2.1/../../../../arm-none-eabi/lib/thumb/v6-m/nofp\libcr_semihost_nf.a
LOAD c:/nxp/mcuxpressoide_11.8.0_1165/ide/plugins/com.nxp.mcuxpresso.tools.win32_11.8.0.202306131047/tools/bin/../lib/gcc/arm-none-eabi/12.2.1/../../../../arm-none-eabi/lib/thumb/v6-m/nofp\libcr_c.a
LOAD c:/nxp/mcuxpressoide_11.8.0_1165/ide/plugins/com.nxp.mcuxpresso.tools.win32_11.8.0.202306131047/tools/bin/../lib/gcc/arm-none-eabi/12.2.1/thumb/v6-m/nofp\libcr_eabihelpers.a
LOAD c:/nxp/mcuxpressoide_11.8.0_1165/ide/plugins/com.nxp.mcuxpresso.tools.win32_11.8.0.202306131047/tools/bin/../lib/gcc/arm-none-eabi/12.2.1/thumb/v6-m/nofp\libgcc.a
END GROUP
                0x00000000                __base_MFlash32 = 0x0
                0x00000000                __base_Flash = 0x0
                0x00007f80                __top_MFlash32 = 0x7f80
                0x00007f80                __top_Flash = 0x7f80
                0x10000000                __base_RamLoc4 = 0x10000000
                0x10000000                __base_RAM = 0x10000000
                0x10001000                __top_RamLoc4 = 0x10001000
                0x10001000                __top_RAM = 0x10001000

.text           0x00000000     0x45c4
 FILL mask 0xff
                0x00000000                __vectors_start__ = ABSOLUTE (.)
 *(.isr_vector)
 .isr_vector    0x00000000       0xc0 ./src/MCUXpresso_cr_startup.o
                0x00000000                g_pfnVectors
                0x000000c0                . = ALIGN (0x4)
                0x000000c0                __section_table_start = .
                0x000000c0                __data_section_table = .
                0x000000c0        0x4 LONG 0x45c4 LOADADDR (.data)
                0x000000c4        0x4 LONG 0x10000000 ADDR (.data)
                0x000000c8        0x4 LONG 0x14 SIZEOF (.data)
                0x000000cc                __data_section_table_end = .
                0x000000cc                __bss_section_table = .
                0x000000cc        0x4 LONG 0x10000014 ADDR (.bss)
                0x000000d0        0x4 LONG 0xd8 SIZEOF (.bss)
                0x000000d4                __bss_section_table_end = .
                0x000000d4                __section_table_end = .
 *(.after_vectors*)
 .after_vectors
                0x000000d4      0x128 ./src/MCUXpresso_cr_startup.o
                0x000000d4                data_init
                0x00000116                bss_init
                0x0000014c                ResetISR
                0x000001cc                NMI_Handler
                0x000001d4                HardFault_Handler
                0x000001dc                SVC_Handler
                0x000001e4                PendSV_Handler
                0x000001ec                SysTick_Handler
                0x000001f4                PININT1_IRQHandler
                0x000001f4                PININT2_IRQHandler
                0x000001f4                MRT_IRQHandler
                0x000001f4                I2C1_IRQHandler
                0x000001f4                UART1_IRQHandler
                0x000001f4                ADC_SEQB_IRQHandler
                0x000001f4                UART0_IRQHandler
                0x000001f4                WKT_IRQHandler
                0x000001f4                IntDefaultHandler
                0x000001f4                ADC_OVR_IRQHandler
                0x000001f4                PININT7_IRQHandler
                0x000001f4                PININT3_IRQHandler
                0x000001f4                PININT5_IRQHandler
                0x000001f4                PININT4_IRQHandler
                0x000001f4                ADC_THCMP_IRQHandler
                0x000001f4                PININT0_IRQHandler
                0x000001f4                BOD_IRQHandler
                0x000001f4                WDT_IRQHandler
                0x000001f4                I2C0_IRQHandler
                0x000001f4                ADC_SEQA_IRQHandler
                0x000001f4                DAC0_IRQHandler
                0x000001f4                PININT6_IRQHandler
                0x000001f4                CMP_IRQHandler
                0x000001f4                FLASH_IRQHandler
                0x000001f4                CTIMER0_IRQHandler
                0x000002fc                . = 0x2fc
 *fill*         0x000001fc      0x100 ff
                0x000002fc                PROVIDE (__CRP_WORD_START__ = .)
 *(.crp)
 .crp           0x000002fc        0x4 ./src/MCUXpresso_crp.o
                0x000002fc                CRP_WORD
                0x00000300                PROVIDE (__CRP_WORD_END__ = .)
                0x00000001                ASSERT (! ((__CRP_WORD_START__ == __CRP_WORD_END__)), Linker CRP Enabled, but no CRP_WORD provided within application)
 *(.text*)
 .text.__sys_write
                0x00000300       0x48 ./src/MCUXpresso_Retarget.o
                0x00000300                __sys_write
 .text.PICC_GetTypeName
                0x00000348       0x90 ./src/MFRC522Debug.o
                0x00000348                PICC_GetTypeName
 .text.GetStatusCodeName
                0x000003d8       0x88 ./src/MFRC522Debug.o
                0x000003d8                GetStatusCodeName
 .text.PICC_DumpToSerial
                0x00000460       0xa8 ./src/MFRC522Debug.o
                0x00000460                PICC_DumpToSerial
 .text.PICC_DumpDetailsToSerial
                0x00000508       0xe8 ./src/MFRC522Debug.o
                0x00000508                PICC_DumpDetailsToSerial
 .text.PICC_DumpMifareClassicToSerial
                0x000005f0       0xb0 ./src/MFRC522Debug.o
                0x000005f0                PICC_DumpMifareClassicToSerial
 .text.PICC_DumpMifareClassicSectorToSerial
                0x000006a0      0x560 ./src/MFRC522Debug.o
                0x000006a0                PICC_DumpMifareClassicSectorToSerial
 .text.PICC_DumpMifareUltralightToSerial
                0x00000c00      0x16c ./src/MFRC522Debug.o
                0x00000c00                PICC_DumpMifareUltralightToSerial
 .text.PCD_WriteRegister
                0x00000d6c       0x40 ./src/MFRC522DriverSPI.o
                0x00000d6c                PCD_WriteRegister
 .text.PCD_WriteRegisterBytes
                0x00000dac       0xfa ./src/MFRC522DriverSPI.o
                0x00000dac                PCD_WriteRegisterBytes
 *fill*         0x00000ea6        0x2 ff
 .text.PCD_ReadRegister
                0x00000ea8       0x50 ./src/MFRC522DriverSPI.o
                0x00000ea8                PCD_ReadRegister
 .text.PCD_ReadRegisterBytes
                0x00000ef8       0xe8 ./src/MFRC522DriverSPI.o
                0x00000ef8                PCD_ReadRegisterBytes
 .text.PCD_SetRegisterBitMask
                0x00000fe0       0x44 ./src/MFRC522v2.o
                0x00000fe0                PCD_SetRegisterBitMask
 .text.PCD_ClearRegisterBitMask
                0x00001024       0x4e ./src/MFRC522v2.o
                0x00001024                PCD_ClearRegisterBitMask
 *fill*         0x00001072        0x2 ff
 .text.PCD_CalculateCRC
                0x00001074       0xb0 ./src/MFRC522v2.o
                0x00001074                PCD_CalculateCRC
 .text.PCD_Init
                0x00001124       0x68 ./src/MFRC522v2.o
                0x00001124                PCD_Init
 .text.PCD_Reset
                0x0000118c       0x3e ./src/MFRC522v2.o
                0x0000118c                PCD_Reset
 .text.PCD_AntennaOn
                0x000011ca       0x38 ./src/MFRC522v2.o
                0x000011ca                PCD_AntennaOn
 *fill*         0x00001202        0x2 ff
 .text.PCD_GetVersion
                0x00001204       0x60 ./src/MFRC522v2.o
                0x00001204                PCD_GetVersion
 .text.PCD_TransceiveData
                0x00001264       0x50 ./src/MFRC522v2.o
                0x00001264                PCD_TransceiveData
 .text.PCD_CommunicateWithPICC
                0x000012b4      0x230 ./src/MFRC522v2.o
                0x000012b4                PCD_CommunicateWithPICC
 .text.PICC_RequestA
                0x000014e4       0x20 ./src/MFRC522v2.o
                0x000014e4                PICC_RequestA
 .text.PICC_REQA_or_WUPA
                0x00001504       0x86 ./src/MFRC522v2.o
                0x00001504                PICC_REQA_or_WUPA
 *fill*         0x0000158a        0x2 ff
 .text.PICC_Select
                0x0000158c      0x57c ./src/MFRC522v2.o
                0x0000158c                PICC_Select
 .text.PICC_HaltA
                0x00001b08       0x76 ./src/MFRC522v2.o
                0x00001b08                PICC_HaltA
 .text.PCD_Authenticate
                0x00001b7e       0xd6 ./src/MFRC522v2.o
                0x00001b7e                PCD_Authenticate
 .text.PCD_StopCrypto1
                0x00001c54       0x12 ./src/MFRC522v2.o
                0x00001c54                PCD_StopCrypto1
 .text.MIFARE_Read
                0x00001c66       0x7c ./src/MFRC522v2.o
                0x00001c66                MIFARE_Read
 *fill*         0x00001ce2        0x2 ff
 .text.PICC_GetType
                0x00001ce4       0x5c ./src/MFRC522v2.o
                0x00001ce4                PICC_GetType
 .text.PICC_IsNewCardPresent
                0x00001d40       0x54 ./src/MFRC522v2.o
                0x00001d40                PICC_IsNewCardPresent
 .text.PICC_ReadCardSerial
                0x00001d94       0x2c ./src/MFRC522v2.o
                0x00001d94                PICC_ReadCardSerial
 .text.sendchar
                0x00001dc0       0x28 ./src/Serial.o
                0x00001dc0                sendchar
 .text.setup_debug_uart
                0x00001de8       0xb4 ./src/Serial.o
                0x00001de8                setup_debug_uart
 .text.init_lcd
                0x00001e9c      0x2d0 ./src/lib_ENS_II1_lcd_v2.o
                0x00001e9c                init_lcd
 .text.lcd_puts
                0x0000216c       0x68 ./src/lib_ENS_II1_lcd_v2.o
                0x0000216c                lcd_puts
 .text.main     0x000021d4      0x168 ./src/main.o
                0x000021d4                main
 .text.SPI0_IRQHandler
                0x0000233c       0x58 ./src/spi.o
                0x0000233c                SPI0_IRQHandler
 .text.SPImasterWriteOnly
                0x00002394       0xe0 ./src/spi.o
                0x00002394                SPImasterWriteOnly
 .text.SPImasterWriteRead
                0x00002474      0x16c ./src/spi.o
                0x00002474                SPImasterWriteRead
 .text.SystemInit
                0x000025e0       0x90 ./src/system.o
                0x000025e0                SystemInit
 .text.SystemCoreClockUpdate
                0x00002670      0x104 ./src/system.o
                0x00002670                SystemCoreClockUpdate
 .text.I2CmasterWrite
                0x00002774       0x7c C:\NXP\MCUXpressoIDE_11.8.0_1165\workspace\peripherals_lib\flash\libperipherals_lib.a(i2c.o)
                0x00002774                I2CmasterWrite
 .text.ConfigSWM
                0x000027f0       0x80 C:\NXP\MCUXpressoIDE_11.8.0_1165\workspace\peripherals_lib\flash\libperipherals_lib.a(swm.o)
                0x000027f0                ConfigSWM
 .text.__main   0x00002870        0xc c:/nxp/mcuxpressoide_11.8.0_1165/ide/plugins/com.nxp.mcuxpresso.tools.win32_11.8.0.202306131047/tools/bin/../lib/gcc/arm-none-eabi/12.2.1/../../../../arm-none-eabi/lib/thumb/v6-m/nofp\libcr_semihost_nf.a(_cr__main.o)
                0x00002870                __CR_SEMIHOST
                0x00002870                __main
 .text.memset   0x0000287c        0x8 c:/nxp/mcuxpressoide_11.8.0_1165/ide/plugins/com.nxp.mcuxpresso.tools.win32_11.8.0.202306131047/tools/bin/../lib/gcc/arm-none-eabi/12.2.1/../../../../arm-none-eabi/lib/thumb/v6-m/nofp\libcr_c.a(memset.o)
                0x0000287c                memset
 .text._initio  0x00002884       0x7c c:/nxp/mcuxpressoide_11.8.0_1165/ide/plugins/com.nxp.mcuxpresso.tools.win32_11.8.0.202306131047/tools/bin/../lib/gcc/arm-none-eabi/12.2.1/../../../../arm-none-eabi/lib/thumb/v6-m/nofp\libcr_c.a(initio.o)
                0x00002884                _initio
 .text.no_fp_display
                0x00002900        0x4 c:/nxp/mcuxpressoide_11.8.0_1165/ide/plugins/com.nxp.mcuxpresso.tools.win32_11.8.0.202306131047/tools/bin/../lib/gcc/arm-none-eabi/12.2.1/../../../../arm-none-eabi/lib/thumb/v6-m/nofp\libcr_c.a(printf.o)
 .text.__vfprintf
                0x00002904      0xd88 c:/nxp/mcuxpressoide_11.8.0_1165/ide/plugins/com.nxp.mcuxpresso.tools.win32_11.8.0.202306131047/tools/bin/../lib/gcc/arm-none-eabi/12.2.1/../../../../arm-none-eabi/lib/thumb/v6-m/nofp\libcr_c.a(printf.o)
                0x00002904                __vfprintf
 .text._vsnprintf
                0x0000368c       0x70 c:/nxp/mcuxpressoide_11.8.0_1165/ide/plugins/com.nxp.mcuxpresso.tools.win32_11.8.0.202306131047/tools/bin/../lib/gcc/arm-none-eabi/12.2.1/../../../../arm-none-eabi/lib/thumb/v6-m/nofp\libcr_c.a(printf.o)
                0x0000368c                _vsnprintf
 .text._printf  0x000036fc       0x50 c:/nxp/mcuxpressoide_11.8.0_1165/ide/plugins/com.nxp.mcuxpresso.tools.win32_11.8.0.202306131047/tools/bin/../lib/gcc/arm-none-eabi/12.2.1/../../../../arm-none-eabi/lib/thumb/v6-m/nofp\libcr_c.a(printf.o)
                0x000036fc                _printf
 .text.setvbuf  0x0000374c       0x4c c:/nxp/mcuxpressoide_11.8.0_1165/ide/plugins/com.nxp.mcuxpresso.tools.win32_11.8.0.202306131047/tools/bin/../lib/gcc/arm-none-eabi/12.2.1/../../../../arm-none-eabi/lib/thumb/v6-m/nofp\libcr_c.a(setvbuf.o)
                0x0000374c                setvbuf
 .text.strlen   0x00003798       0x5c c:/nxp/mcuxpressoide_11.8.0_1165/ide/plugins/com.nxp.mcuxpresso.tools.win32_11.8.0.202306131047/tools/bin/../lib/gcc/arm-none-eabi/12.2.1/../../../../arm-none-eabi/lib/thumb/v6-m/nofp\libcr_c.a(strlen.o)
                0x00003798                strlen
 .text._deferredlazyseek
                0x000037f4       0x40 c:/nxp/mcuxpressoide_11.8.0_1165/ide/plugins/com.nxp.mcuxpresso.tools.win32_11.8.0.202306131047/tools/bin/../lib/gcc/arm-none-eabi/12.2.1/../../../../arm-none-eabi/lib/thumb/v6-m/nofp\libcr_c.a(_deferredlazyseek.o)
                0x000037f4                _deferredlazyseek
 .text.__flsbuf
                0x00003834      0x150 c:/nxp/mcuxpressoide_11.8.0_1165/ide/plugins/com.nxp.mcuxpresso.tools.win32_11.8.0.202306131047/tools/bin/../lib/gcc/arm-none-eabi/12.2.1/../../../../arm-none-eabi/lib/thumb/v6-m/nofp\libcr_c.a(_deferredlazyseek.o)
                0x00003834                __flsbuf
 .text._fdopen  0x00003984       0x74 c:/nxp/mcuxpressoide_11.8.0_1165/ide/plugins/com.nxp.mcuxpresso.tools.win32_11.8.0.202306131047/tools/bin/../lib/gcc/arm-none-eabi/12.2.1/../../../../arm-none-eabi/lib/thumb/v6-m/nofp\libcr_c.a(_fdopen.o)
                0x00003984                _fdopen
 .text._fflush  0x000039f8       0x5c c:/nxp/mcuxpressoide_11.8.0_1165/ide/plugins/com.nxp.mcuxpresso.tools.win32_11.8.0.202306131047/tools/bin/../lib/gcc/arm-none-eabi/12.2.1/../../../../arm-none-eabi/lib/thumb/v6-m/nofp\libcr_c.a(_fflush.o)
                0x000039f8                _fflush
 .text._Cwritebuf
                0x00003a54       0x68 c:/nxp/mcuxpressoide_11.8.0_1165/ide/plugins/com.nxp.mcuxpresso.tools.win32_11.8.0.202306131047/tools/bin/../lib/gcc/arm-none-eabi/12.2.1/../../../../arm-none-eabi/lib/thumb/v6-m/nofp\libcr_c.a(_writebuf.o)
                0x00003a54                _Cwritebuf
 .text.malloc   0x00003abc       0xdc c:/nxp/mcuxpressoide_11.8.0_1165/ide/plugins/com.nxp.mcuxpresso.tools.win32_11.8.0.202306131047/tools/bin/../lib/gcc/arm-none-eabi/12.2.1/../../../../arm-none-eabi/lib/thumb/v6-m/nofp\libcr_c.a(alloc.o)
                0x00003abc                malloc
 .text.free     0x00003b98       0x2c c:/nxp/mcuxpressoide_11.8.0_1165/ide/plugins/com.nxp.mcuxpresso.tools.win32_11.8.0.202306131047/tools/bin/../lib/gcc/arm-none-eabi/12.2.1/../../../../arm-none-eabi/lib/thumb/v6-m/nofp\libcr_c.a(alloc.o)
                0x00003b98                free
 .text._Csys_alloc
                0x00003bc4       0x20 c:/nxp/mcuxpressoide_11.8.0_1165/ide/plugins/com.nxp.mcuxpresso.tools.win32_11.8.0.202306131047/tools/bin/../lib/gcc/arm-none-eabi/12.2.1/../../../../arm-none-eabi/lib/thumb/v6-m/nofp\libcr_c.a(alloc.o)
                0x00003bc4                _Csys_alloc
 .text.fclose   0x00003be4       0x5c c:/nxp/mcuxpressoide_11.8.0_1165/ide/plugins/com.nxp.mcuxpresso.tools.win32_11.8.0.202306131047/tools/bin/../lib/gcc/arm-none-eabi/12.2.1/../../../../arm-none-eabi/lib/thumb/v6-m/nofp\libcr_c.a(fclose.o)
                0x00003be4                fclose
 .text.fflush   0x00003c40       0x40 c:/nxp/mcuxpressoide_11.8.0_1165/ide/plugins/com.nxp.mcuxpresso.tools.win32_11.8.0.202306131047/tools/bin/../lib/gcc/arm-none-eabi/12.2.1/../../../../arm-none-eabi/lib/thumb/v6-m/nofp\libcr_c.a(fflush.o)
                0x00003c40                fflush
 .text.fseek    0x00003c80       0xec c:/nxp/mcuxpressoide_11.8.0_1165/ide/plugins/com.nxp.mcuxpresso.tools.win32_11.8.0.202306131047/tools/bin/../lib/gcc/arm-none-eabi/12.2.1/../../../../arm-none-eabi/lib/thumb/v6-m/nofp\libcr_c.a(fseek.o)
                0x00003c80                fseek
 .text.ftell    0x00003d6c       0x4c c:/nxp/mcuxpressoide_11.8.0_1165/ide/plugins/com.nxp.mcuxpresso.tools.win32_11.8.0.202306131047/tools/bin/../lib/gcc/arm-none-eabi/12.2.1/../../../../arm-none-eabi/lib/thumb/v6-m/nofp\libcr_c.a(ftell.o)
                0x00003d6c                ftell
 .text.remove   0x00003db8       0x12 c:/nxp/mcuxpressoide_11.8.0_1165/ide/plugins/com.nxp.mcuxpresso.tools.win32_11.8.0.202306131047/tools/bin/../lib/gcc/arm-none-eabi/12.2.1/../../../../arm-none-eabi/lib/thumb/v6-m/nofp\libcr_c.a(remove.o)
                0x00003db8                remove
 *fill*         0x00003dca        0x2 ff
 .text._sbrk    0x00003dcc       0x44 c:/nxp/mcuxpressoide_11.8.0_1165/ide/plugins/com.nxp.mcuxpresso.tools.win32_11.8.0.202306131047/tools/bin/../lib/gcc/arm-none-eabi/12.2.1/../../../../arm-none-eabi/lib/thumb/v6-m/nofp\libcr_c.a(_cr_sbrk.o)
                0x00003dcc                _sbrk
 .text._do_fflush
                0x00003e10       0x48 c:/nxp/mcuxpressoide_11.8.0_1165/ide/plugins/com.nxp.mcuxpresso.tools.win32_11.8.0.202306131047/tools/bin/../lib/gcc/arm-none-eabi/12.2.1/../../../../arm-none-eabi/lib/thumb/v6-m/nofp\libcr_c.a(_do_fflush.o)
                0x00003e10                _do_fflush
 .text.__check_heap_overflow
                0x00003e58       0x18 c:/nxp/mcuxpressoide_11.8.0_1165/ide/plugins/com.nxp.mcuxpresso.tools.win32_11.8.0.202306131047/tools/bin/../lib/gcc/arm-none-eabi/12.2.1/../../../../arm-none-eabi/lib/thumb/v6-m/nofp\libcr_c.a(_cr_check_heap.o)
                0x00003e58                __check_heap_overflow
 .text.__aeabi_division_idivmod
                0x00003e70       0x78 c:/nxp/mcuxpressoide_11.8.0_1165/ide/plugins/com.nxp.mcuxpresso.tools.win32_11.8.0.202306131047/tools/bin/../lib/gcc/arm-none-eabi/12.2.1/thumb/v6-m/nofp\libcr_eabihelpers.a(division_32.o)
                0x00003e70                __aeabi_idivmod
                0x00003e70                __aeabi_idiv
                0x00003e76                __aeabi_uidivmod
                0x00003e76                __aeabi_uidiv
 .text.__aeabi_division_idiv0
                0x00003ee8        0x2 c:/nxp/mcuxpressoide_11.8.0_1165/ide/plugins/com.nxp.mcuxpresso.tools.win32_11.8.0.202306131047/tools/bin/../lib/gcc/arm-none-eabi/12.2.1/thumb/v6-m/nofp\libcr_eabihelpers.a(division_idiv0.o)
                0x00003ee8                __aeabi_idiv0
 .text.__aeabi_llong_lmul
                0x00003eea       0x2e c:/nxp/mcuxpressoide_11.8.0_1165/ide/plugins/com.nxp.mcuxpresso.tools.win32_11.8.0.202306131047/tools/bin/../lib/gcc/arm-none-eabi/12.2.1/thumb/v6-m/nofp\libcr_eabihelpers.a(llong.o)
                0x00003eea                __aeabi_lmul
 .text.__aeabi_memset_lowlevel
                0x00003f18       0x2a c:/nxp/mcuxpressoide_11.8.0_1165/ide/plugins/com.nxp.mcuxpresso.tools.win32_11.8.0.202306131047/tools/bin/../lib/gcc/arm-none-eabi/12.2.1/thumb/v6-m/nofp\libcr_eabihelpers.a(memcpy.o)
                0x00003f18                __aeabi_lowlevel_memset
 .text.__gnu_thumb1_case_uqi
                0x00003f42       0x10 c:/nxp/mcuxpressoide_11.8.0_1165/ide/plugins/com.nxp.mcuxpresso.tools.win32_11.8.0.202306131047/tools/bin/../lib/gcc/arm-none-eabi/12.2.1/thumb/v6-m/nofp\libcr_eabihelpers.a(thumb1_switch_helpers.o)
                0x00003f42                __gnu_thumb1_case_uqi
 .text.__gnu_thumb1_case_shi
                0x00003f52       0x10 c:/nxp/mcuxpressoide_11.8.0_1165/ide/plugins/com.nxp.mcuxpresso.tools.win32_11.8.0.202306131047/tools/bin/../lib/gcc/arm-none-eabi/12.2.1/thumb/v6-m/nofp\libcr_eabihelpers.a(thumb1_switch_helpers.o)
                0x00003f52                __gnu_thumb1_case_shi
 .text.__gnu_thumb1_case_uhi
                0x00003f62       0x10 c:/nxp/mcuxpressoide_11.8.0_1165/ide/plugins/com.nxp.mcuxpresso.tools.win32_11.8.0.202306131047/tools/bin/../lib/gcc/arm-none-eabi/12.2.1/thumb/v6-m/nofp\libcr_eabihelpers.a(thumb1_switch_helpers.o)
                0x00003f62                __gnu_thumb1_case_uhi
 *fill*         0x00003f72        0x2 ff
 .text.__sys_appexit
                0x00003f74        0xc c:/nxp/mcuxpressoide_11.8.0_1165/ide/plugins/com.nxp.mcuxpresso.tools.win32_11.8.0.202306131047/tools/bin/../lib/gcc/arm-none-eabi/12.2.1/../../../../arm-none-eabi/lib/thumb/v6-m/nofp\libcr_semihost_nf.a(__sys_appexit.o)
                0x00003f74                __sys_appexit
                0x00003f74                __exit
 .text.__sys_close
                0x00003f80        0xc c:/nxp/mcuxpressoide_11.8.0_1165/ide/plugins/com.nxp.mcuxpresso.tools.win32_11.8.0.202306131047/tools/bin/../lib/gcc/arm-none-eabi/12.2.1/../../../../arm-none-eabi/lib/thumb/v6-m/nofp\libcr_semihost_nf.a(__sys_close.o)
                0x00003f80                __sys_close
 .text.__sys_flen
                0x00003f8c        0xc c:/nxp/mcuxpressoide_11.8.0_1165/ide/plugins/com.nxp.mcuxpresso.tools.win32_11.8.0.202306131047/tools/bin/../lib/gcc/arm-none-eabi/12.2.1/../../../../arm-none-eabi/lib/thumb/v6-m/nofp\libcr_semihost_nf.a(__sys_flen.o)
                0x00003f8c                __sys_flen
 .text.__sys_istty
                0x00003f98        0xc c:/nxp/mcuxpressoide_11.8.0_1165/ide/plugins/com.nxp.mcuxpresso.tools.win32_11.8.0.202306131047/tools/bin/../lib/gcc/arm-none-eabi/12.2.1/../../../../arm-none-eabi/lib/thumb/v6-m/nofp\libcr_semihost_nf.a(__sys_istty.o)
                0x00003f98                __sys_istty
 .text.__sys_remove
                0x00003fa4        0xc c:/nxp/mcuxpressoide_11.8.0_1165/ide/plugins/com.nxp.mcuxpresso.tools.win32_11.8.0.202306131047/tools/bin/../lib/gcc/arm-none-eabi/12.2.1/../../../../arm-none-eabi/lib/thumb/v6-m/nofp\libcr_semihost_nf.a(__sys_remove.o)
                0x00003fa4                __sys_remove
 .text.__sys_seek
                0x00003fb0        0xc c:/nxp/mcuxpressoide_11.8.0_1165/ide/plugins/com.nxp.mcuxpresso.tools.win32_11.8.0.202306131047/tools/bin/../lib/gcc/arm-none-eabi/12.2.1/../../../../arm-none-eabi/lib/thumb/v6-m/nofp\libcr_semihost_nf.a(__sys_seek.o)
                0x00003fb0                __sys_seek
 .text.__sys_tmpnam
                0x00003fbc        0xc c:/nxp/mcuxpressoide_11.8.0_1165/ide/plugins/com.nxp.mcuxpresso.tools.win32_11.8.0.202306131047/tools/bin/../lib/gcc/arm-none-eabi/12.2.1/../../../../arm-none-eabi/lib/thumb/v6-m/nofp\libcr_semihost_nf.a(__sys_tmpnam.o)
                0x00003fbc                __sys_tmpnam
 *(.rodata .rodata.* .constdata .constdata.*)
 .rodata.PICC_GetTypeName.str1.4
                0x00003fc8       0xfd ./src/MFRC522Debug.o
 *fill*         0x000040c5        0x3 ff
 .rodata.PICC_GetTypeName
                0x000040c8       0x28 ./src/MFRC522Debug.o
 .rodata.GetStatusCodeName.str1.4
                0x000040f0      0x102 ./src/MFRC522Debug.o
 *fill*         0x000041f2        0x2 ff
 .rodata.GetStatusCodeName
                0x000041f4       0x20 ./src/MFRC522Debug.o
 .rodata.PrintUID.str1.4
                0x00004214        0xd ./src/MFRC522Debug.o
 *fill*         0x00004221        0x3 ff
 .rodata.PICC_DumpToSerial.str1.4
                0x00004224       0x3d ./src/MFRC522Debug.o
 *fill*         0x00004261        0x3 ff
 .rodata.PICC_DumpDetailsToSerial.str1.4
                0x00004264       0x3c ./src/MFRC522Debug.o
 .rodata.PICC_DumpMifareClassicToSerial.str1.4
                0x000042a0       0x50 ./src/MFRC522Debug.o
 .rodata.PICC_DumpMifareClassicSectorToSerial.str1.4
                0x000042f0       0x8c ./src/MFRC522Debug.o
                                 0x94 (size before relaxing)
 .rodata.PICC_DumpMifareUltralightToSerial.str1.4
                0x0000437c       0x15 ./src/MFRC522Debug.o
 .rodata.PCD_ReadRegister.str1.4
                0x00004391       0x15 ./src/MFRC522DriverSPI.o
                                  0x1 (size before relaxing)
 *fill*         0x00004391        0x3 ff
 .rodata.PCD_GetVersion
                0x00004394       0xac ./src/MFRC522v2.o
 .rodata.PICC_GetType
                0x00004440      0x104 ./src/MFRC522v2.o
 .rodata.main.str1.4
                0x00004544       0x26 ./src/main.o
 .rodata._initio.str1.1
                0x0000456a        0x4 c:/nxp/mcuxpressoide_11.8.0_1165/ide/plugins/com.nxp.mcuxpresso.tools.win32_11.8.0.202306131047/tools/bin/../lib/gcc/arm-none-eabi/12.2.1/../../../../arm-none-eabi/lib/thumb/v6-m/nofp\libcr_c.a(initio.o)
 .rodata.__vfprintf.str1.1
                0x0000456e       0x37 c:/nxp/mcuxpressoide_11.8.0_1165/ide/plugins/com.nxp.mcuxpresso.tools.win32_11.8.0.202306131047/tools/bin/../lib/gcc/arm-none-eabi/12.2.1/../../../../arm-none-eabi/lib/thumb/v6-m/nofp\libcr_c.a(printf.o)
                                 0x38 (size before relaxing)
 .rodata._Csys_alloc.str1.1
                0x000045a5       0x18 c:/nxp/mcuxpressoide_11.8.0_1165/ide/plugins/com.nxp.mcuxpresso.tools.win32_11.8.0.202306131047/tools/bin/../lib/gcc/arm-none-eabi/12.2.1/../../../../arm-none-eabi/lib/thumb/v6-m/nofp\libcr_c.a(alloc.o)
 *fill*         0x000045bd        0x3 ff
 .rodata.__num_Ciob_streams
                0x000045c0        0x4 c:/nxp/mcuxpressoide_11.8.0_1165/ide/plugins/com.nxp.mcuxpresso.tools.win32_11.8.0.202306131047/tools/bin/../lib/gcc/arm-none-eabi/12.2.1/../../../../arm-none-eabi/lib/thumb/v6-m/nofp\libcr_semihost_nf.a(__ciob.o)
                0x000045c0                __num_Ciob_streams
                0x000045c4                . = ALIGN (0x4)

.glue_7         0x000045c4        0x0
 .glue_7        0x000045c4        0x0 linker stubs

.glue_7t        0x000045c4        0x0
 .glue_7t       0x000045c4        0x0 linker stubs

.vfp11_veneer   0x000045c4        0x0
 .vfp11_veneer  0x000045c4        0x0 linker stubs

.v4_bx          0x000045c4        0x0
 .v4_bx         0x000045c4        0x0 linker stubs

.iplt           0x000045c4        0x0
 .iplt          0x000045c4        0x0 ./src/MCUXpresso_Retarget.o

.rel.dyn        0x000045c4        0x0
 .rel.iplt      0x000045c4        0x0 ./src/MCUXpresso_Retarget.o

.ARM.extab
 *(.ARM.extab* .gnu.linkonce.armextab.*)

.ARM.exidx      0x000045c4        0x0
                0x000045c4                __exidx_start = .
 *(.ARM.exidx* .gnu.linkonce.armexidx.*)
                0x000045c4                __exidx_end = .
                0x000045c4                _etext = .

.uninit_RESERVED
                0x10000000        0x0
                0x10000000                _start_uninit_RESERVED = .
 *(.bss.$RESERVED*)
                0x10000000                . = ALIGN (0x4)
                0x10000000                _end_uninit_RESERVED = .

.data           0x10000000       0x14 load address 0x000045c4
 FILL mask 0xff
                0x10000000                _data = .
                [!provide]                PROVIDE (__start_data_RAM = .)
                [!provide]                PROVIDE (__start_data_RamLoc4 = .)
 *(vtable)
 *(.ramfunc*)
 *(CodeQuickAccess)
 *(DataQuickAccess)
 *(RamFunction)
 *(.data*)
 .data.main_clk
                0x10000000        0x4 ./src/system.o
                0x10000000                main_clk
 .data.lposc_clk
                0x10000004        0x4 ./src/system.o
                0x10000004                lposc_clk
 .data.fro_clk  0x10000008        0x4 ./src/system.o
                0x10000008                fro_clk
 .data.fro_div_clk
                0x1000000c        0x4 ./src/system.o
                0x1000000c                fro_div_clk
 .data.system_ahb_clk
                0x10000010        0x4 ./src/system.o
                0x10000010                system_ahb_clk
                0x10000014                . = ALIGN (0x4)
                0x10000014                _edata = .
                [!provide]                PROVIDE (__end_data_RAM = .)
                [!provide]                PROVIDE (__end_data_RamLoc4 = .)

.igot.plt       0x10000014        0x0 load address 0x000045d8
 .igot.plt      0x10000014        0x0 ./src/MCUXpresso_Retarget.o

.bss            0x10000014       0xd8
                0x10000014                _bss = .
                [!provide]                PROVIDE (__start_bss_RAM = .)
                [!provide]                PROVIDE (__start_bss_RamLoc4 = .)
 *(.bss*)
 .bss.uid       0x10000014        0xc ./src/main.o
                0x10000014                uid
 .bss.version   0x10000020        0x4 ./src/main.o
                0x10000020                version
 .bss.SPI_RXCount
                0x10000024        0x4 ./src/spi.o
                0x10000024                SPI_RXCount
 .bss.SPI_TXCount
                0x10000028        0x4 ./src/spi.o
                0x10000028                SPI_TXCount
 .bss.__end_of_heap
                0x1000002c        0x4 c:/nxp/mcuxpressoide_11.8.0_1165/ide/plugins/com.nxp.mcuxpresso.tools.win32_11.8.0.202306131047/tools/bin/../lib/gcc/arm-none-eabi/12.2.1/../../../../arm-none-eabi/lib/thumb/v6-m/nofp\libcr_c.a(__init_alloc.o)
                0x1000002c                __end_of_heap
 .bss.__heaps   0x10000030        0x4 c:/nxp/mcuxpressoide_11.8.0_1165/ide/plugins/com.nxp.mcuxpresso.tools.win32_11.8.0.202306131047/tools/bin/../lib/gcc/arm-none-eabi/12.2.1/../../../../arm-none-eabi/lib/thumb/v6-m/nofp\libcr_c.a(__init_alloc.o)
                0x10000030                __heaps
 .bss.errno     0x10000034        0x4 c:/nxp/mcuxpressoide_11.8.0_1165/ide/plugins/com.nxp.mcuxpresso.tools.win32_11.8.0.202306131047/tools/bin/../lib/gcc/arm-none-eabi/12.2.1/../../../../arm-none-eabi/lib/thumb/v6-m/nofp\libcr_c.a(errno.o)
                0x10000034                errno
 .bss.__Ciob    0x10000038       0xb4 c:/nxp/mcuxpressoide_11.8.0_1165/ide/plugins/com.nxp.mcuxpresso.tools.win32_11.8.0.202306131047/tools/bin/../lib/gcc/arm-none-eabi/12.2.1/../../../../arm-none-eabi/lib/thumb/v6-m/nofp\libcr_semihost_nf.a(__ciob.o)
                0x10000038                __Ciob
 *(COMMON)
                0x100000ec                . = ALIGN (0x4)
                0x100000ec                _ebss = .
                [!provide]                PROVIDE (__end_bss_RAM = .)
                [!provide]                PROVIDE (__end_bss_RamLoc4 = .)
                [!provide]                PROVIDE (end = .)

.noinit         0x100000ec        0x0
                0x100000ec                _noinit = .
                [!provide]                PROVIDE (__start_noinit_RAM = .)
                [!provide]                PROVIDE (__start_noinit_RamLoc4 = .)
 *(.noinit*)
                0x100000ec                . = ALIGN (0x4)
                0x100000ec                _end_noinit = .
                [!provide]                PROVIDE (__end_noinit_RAM = .)
                [!provide]                PROVIDE (__end_noinit_RamLoc4 = .)
                0x100000ec                PROVIDE (_pvHeapStart = DEFINED (__user_heap_base)?__user_heap_base:.)
                0x10001000                PROVIDE (_vStackTop = DEFINED (__user_stack_top)?__user_stack_top:(__top_RamLoc4 - 0x0))
                0xefffeb11                PROVIDE (__valid_user_code_checksum = (0x0 - (((_vStackTop + (ResetISR + 0x1)) + (DEFINED (NMI_Handler)?NMI_Handler:M0_NMI_Handler + 0x1)) + (DEFINED (HardFault_Handler)?HardFault_Handler:M0_HardFault_Handler + 0x1))))
                0x00000000                _image_start = LOADADDR (.text)
                0x000045d8                _image_end = (LOADADDR (.data) + SIZEOF (.data))
                0x000045d8                _image_size = (_image_end - _image_start)
OUTPUT(SPI_ProjetC_from_lib.axf elf32-littlearm)
LOAD linker stubs

.debug_info     0x00000000     0x4b96
 .debug_info    0x00000000       0xce ./src/MCUXpresso_Retarget.o
 .debug_info    0x000000ce      0x233 ./src/MCUXpresso_cr_startup.o
 .debug_info    0x00000301       0x41 ./src/MCUXpresso_crp.o
 .debug_info    0x00000342      0x616 ./src/MFRC522Debug.o
 .debug_info    0x00000958      0x2a7 ./src/MFRC522DriverSPI.o
 .debug_info    0x00000bff     0x10aa ./src/MFRC522v2.o
 .debug_info    0x00001ca9      0x6a5 ./src/Serial.o
 .debug_info    0x0000234e      0xb33 ./src/lib_ENS_II1_lcd_v2.o
 .debug_info    0x00002e81      0x8ba ./src/main.o
 .debug_info    0x0000373b      0x68e ./src/spi.o
 .debug_info    0x00003dc9      0x847 ./src/system.o
 .debug_info    0x00004610      0x303 C:\NXP\MCUXpressoIDE_11.8.0_1165\workspace\peripherals_lib\flash\libperipherals_lib.a(i2c.o)
 .debug_info    0x00004913      0x283 C:\NXP\MCUXpressoIDE_11.8.0_1165\workspace\peripherals_lib\flash\libperipherals_lib.a(swm.o)

.debug_abbrev   0x00000000     0x15ae
 .debug_abbrev  0x00000000       0xc9 ./src/MCUXpresso_Retarget.o
 .debug_abbrev  0x000000c9      0x152 ./src/MCUXpresso_cr_startup.o
 .debug_abbrev  0x0000021b       0x37 ./src/MCUXpresso_crp.o
 .debug_abbrev  0x00000252      0x233 ./src/MFRC522Debug.o
 .debug_abbrev  0x00000485      0x122 ./src/MFRC522DriverSPI.o
 .debug_abbrev  0x000005a7      0x34a ./src/MFRC522v2.o
 .debug_abbrev  0x000008f1      0x1fb ./src/Serial.o
 .debug_abbrev  0x00000aec      0x22f ./src/lib_ENS_II1_lcd_v2.o
 .debug_abbrev  0x00000d1b      0x298 ./src/main.o
 .debug_abbrev  0x00000fb3      0x1ab ./src/spi.o
 .debug_abbrev  0x0000115e      0x1bf ./src/system.o
 .debug_abbrev  0x0000131d      0x14a C:\NXP\MCUXpressoIDE_11.8.0_1165\workspace\peripherals_lib\flash\libperipherals_lib.a(i2c.o)
 .debug_abbrev  0x00001467      0x147 C:\NXP\MCUXpressoIDE_11.8.0_1165\workspace\peripherals_lib\flash\libperipherals_lib.a(swm.o)

.debug_aranges  0x00000000      0x3f8
 .debug_aranges
                0x00000000       0x28 ./src/MCUXpresso_Retarget.o
 .debug_aranges
                0x00000028       0x60 ./src/MCUXpresso_cr_startup.o
 .debug_aranges
                0x00000088       0x18 ./src/MCUXpresso_crp.o
 .debug_aranges
                0x000000a0       0x68 ./src/MFRC522Debug.o
 .debug_aranges
                0x00000108       0x38 ./src/MFRC522DriverSPI.o
 .debug_aranges
                0x00000140      0x148 ./src/MFRC522v2.o
 .debug_aranges
                0x00000288       0x40 ./src/Serial.o
 .debug_aranges
                0x000002c8       0x40 ./src/lib_ENS_II1_lcd_v2.o
 .debug_aranges
                0x00000308       0x28 ./src/main.o
 .debug_aranges
                0x00000330       0x38 ./src/spi.o
 .debug_aranges
                0x00000368       0x28 ./src/system.o
 .debug_aranges
                0x00000390       0x38 C:\NXP\MCUXpressoIDE_11.8.0_1165\workspace\peripherals_lib\flash\libperipherals_lib.a(i2c.o)
 .debug_aranges
                0x000003c8       0x30 C:\NXP\MCUXpressoIDE_11.8.0_1165\workspace\peripherals_lib\flash\libperipherals_lib.a(swm.o)

.debug_rnglists
                0x00000000      0x2d9
 .debug_rnglists
                0x00000000       0x19 ./src/MCUXpresso_Retarget.o
 .debug_rnglists
                0x00000019       0x44 ./src/MCUXpresso_cr_startup.o
 .debug_rnglists
                0x0000005d       0x51 ./src/MFRC522Debug.o
 .debug_rnglists
                0x000000ae       0x27 ./src/MFRC522DriverSPI.o
 .debug_rnglists
                0x000000d5      0x108 ./src/MFRC522v2.o
 .debug_rnglists
                0x000001dd       0x2c ./src/Serial.o
 .debug_rnglists
                0x00000209       0x2d ./src/lib_ENS_II1_lcd_v2.o
 .debug_rnglists
                0x00000236       0x1a ./src/main.o
 .debug_rnglists
                0x00000250       0x28 ./src/spi.o
 .debug_rnglists
                0x00000278       0x1b ./src/system.o
 .debug_rnglists
                0x00000293       0x26 C:\NXP\MCUXpressoIDE_11.8.0_1165\workspace\peripherals_lib\flash\libperipherals_lib.a(i2c.o)
 .debug_rnglists
                0x000002b9       0x20 C:\NXP\MCUXpressoIDE_11.8.0_1165\workspace\peripherals_lib\flash\libperipherals_lib.a(swm.o)

.debug_macro    0x00000000     0x3b03
 .debug_macro   0x00000000       0x11 ./src/MCUXpresso_Retarget.o
 .debug_macro   0x00000011      0xaae ./src/MCUXpresso_Retarget.o
 .debug_macro   0x00000abf       0x1d ./src/MCUXpresso_cr_startup.o
 .debug_macro   0x00000adc       0x1a ./src/MCUXpresso_crp.o
 .debug_macro   0x00000af6       0x34 ./src/MCUXpresso_crp.o
 .debug_macro   0x00000b2a       0x65 ./src/MFRC522Debug.o
 .debug_macro   0x00000b8f       0x10 ./src/MFRC522Debug.o
 .debug_macro   0x00000b9f      0x12e ./src/MFRC522Debug.o
 .debug_macro   0x00000ccd      0x5b3 ./src/MFRC522Debug.o
 .debug_macro   0x00001280      0x2e2 ./src/MFRC522Debug.o
 .debug_macro   0x00001562       0x10 ./src/MFRC522Debug.o
 .debug_macro   0x00001572       0xd8 ./src/MFRC522Debug.o
 .debug_macro   0x0000164a       0x92 ./src/MFRC522DriverSPI.o
 .debug_macro   0x000016dc       0x28 ./src/MFRC522DriverSPI.o
 .debug_macro   0x00001704       0x3a ./src/MFRC522DriverSPI.o
 .debug_macro   0x0000173e      0x241 ./src/MFRC522DriverSPI.o
 .debug_macro   0x0000197f      0x1a8 ./src/MFRC522DriverSPI.o
 .debug_macro   0x00001b27      0x13c ./src/MFRC522DriverSPI.o
 .debug_macro   0x00001c63       0xcf ./src/MFRC522v2.o
 .debug_macro   0x00001d32       0x10 ./src/MFRC522v2.o
 .debug_macro   0x00001d42       0xa3 ./src/Serial.o
 .debug_macro   0x00001de5       0xe2 ./src/Serial.o
 .debug_macro   0x00001ec7      0x1dd ./src/Serial.o
 .debug_macro   0x000020a4      0x3a2 ./src/Serial.o
 .debug_macro   0x00002446       0x40 ./src/Serial.o
 .debug_macro   0x00002486       0x76 ./src/Serial.o
 .debug_macro   0x000024fc       0xc5 ./src/lib_ENS_II1_lcd_v2.o
 .debug_macro   0x000025c1       0x1c ./src/lib_ENS_II1_lcd_v2.o
 .debug_macro   0x000025dd       0x4c ./src/lib_ENS_II1_lcd_v2.o
 .debug_macro   0x00002629       0x22 ./src/lib_ENS_II1_lcd_v2.o
 .debug_macro   0x0000264b      0x39c ./src/lib_ENS_II1_lcd_v2.o
 .debug_macro   0x000029e7       0xe8 ./src/lib_ENS_II1_lcd_v2.o
 .debug_macro   0x00002acf      0x118 ./src/main.o
 .debug_macro   0x00002be7      0x142 ./src/main.o
 .debug_macro   0x00002d29       0x22 ./src/main.o
 .debug_macro   0x00002d4b       0x9b ./src/spi.o
 .debug_macro   0x00002de6       0xfd ./src/system.o
 .debug_macro   0x00002ee3       0x5e ./src/system.o
 .debug_macro   0x00002f41       0x9b C:\NXP\MCUXpressoIDE_11.8.0_1165\workspace\peripherals_lib\flash\libperipherals_lib.a(i2c.o)
 .debug_macro   0x00002fdc      0xaa2 C:\NXP\MCUXpressoIDE_11.8.0_1165\workspace\peripherals_lib\flash\libperipherals_lib.a(i2c.o)
 .debug_macro   0x00003a7e       0x85 C:\NXP\MCUXpressoIDE_11.8.0_1165\workspace\peripherals_lib\flash\libperipherals_lib.a(swm.o)

.debug_line     0x00000000     0x3ba6
 .debug_line    0x00000000       0x8d ./src/MCUXpresso_Retarget.o
 .debug_line    0x0000008d      0x13c ./src/MCUXpresso_cr_startup.o
 .debug_line    0x000001c9       0xbc ./src/MCUXpresso_crp.o
 .debug_line    0x00000285      0x70a ./src/MFRC522Debug.o
 .debug_line    0x0000098f      0x37e ./src/MFRC522DriverSPI.o
 .debug_line    0x00000d0d      0xe69 ./src/MFRC522v2.o
 .debug_line    0x00001b76      0x414 ./src/Serial.o
 .debug_line    0x00001f8a      0x680 ./src/lib_ENS_II1_lcd_v2.o
 .debug_line    0x0000260a      0x455 ./src/main.o
 .debug_line    0x00002a5f      0x5bd ./src/spi.o
 .debug_line    0x0000301c      0x415 ./src/system.o
 .debug_line    0x00003431      0x49d C:\NXP\MCUXpressoIDE_11.8.0_1165\workspace\peripherals_lib\flash\libperipherals_lib.a(i2c.o)
 .debug_line    0x000038ce      0x2d8 C:\NXP\MCUXpressoIDE_11.8.0_1165\workspace\peripherals_lib\flash\libperipherals_lib.a(swm.o)

.debug_str      0x00000000     0x9b49
 .debug_str     0x00000000     0x2de2 ./src/MCUXpresso_Retarget.o
                               0x2de7 (size before relaxing)
 .debug_str     0x00002de2      0x1b3 ./src/MCUXpresso_cr_startup.o
                               0x2f3f (size before relaxing)
 .debug_str     0x00002f95       0xf4 ./src/MCUXpresso_crp.o
                               0x2e7a (size before relaxing)
 .debug_str     0x00003089     0x243f ./src/MFRC522Debug.o
                               0x525f (size before relaxing)
 .debug_str     0x000054c8     0x1e02 ./src/MFRC522DriverSPI.o
                               0x6b1f (size before relaxing)
 .debug_str     0x000072ca      0x532 ./src/MFRC522v2.o
                               0x73ac (size before relaxing)
 .debug_str     0x000077fc     0x145a ./src/Serial.o
                               0x7073 (size before relaxing)
 .debug_str     0x00008c56      0x806 ./src/lib_ENS_II1_lcd_v2.o
                               0x75bc (size before relaxing)
 .debug_str     0x0000945c      0x11a ./src/main.o
                               0x8192 (size before relaxing)
 .debug_str     0x00009576      0x143 ./src/spi.o
                               0x6a5a (size before relaxing)
 .debug_str     0x000096b9      0x39b ./src/system.o
                               0x7222 (size before relaxing)
 .debug_str     0x00009a54       0xa1 C:\NXP\MCUXpressoIDE_11.8.0_1165\workspace\peripherals_lib\flash\libperipherals_lib.a(i2c.o)
                               0x6771 (size before relaxing)
 .debug_str     0x00009af5       0x54 C:\NXP\MCUXpressoIDE_11.8.0_1165\workspace\peripherals_lib\flash\libperipherals_lib.a(swm.o)
                               0x632b (size before relaxing)

.comment        0x00000000       0x45
 .comment       0x00000000       0x45 ./src/MCUXpresso_Retarget.o
                                 0x46 (size before relaxing)
 .comment       0x00000045       0x46 ./src/MCUXpresso_cr_startup.o
 .comment       0x00000045       0x46 ./src/MCUXpresso_crp.o
 .comment       0x00000045       0x46 ./src/MFRC522Debug.o
 .comment       0x00000045       0x46 ./src/MFRC522DriverSPI.o
 .comment       0x00000045       0x46 ./src/MFRC522v2.o
 .comment       0x00000045       0x46 ./src/Serial.o
 .comment       0x00000045       0x46 ./src/lib_ENS_II1_lcd_v2.o
 .comment       0x00000045       0x46 ./src/main.o
 .comment       0x00000045       0x46 ./src/spi.o
 .comment       0x00000045       0x46 ./src/system.o
 .comment       0x00000045       0x46 C:\NXP\MCUXpressoIDE_11.8.0_1165\workspace\peripherals_lib\flash\libperipherals_lib.a(i2c.o)
 .comment       0x00000045       0x46 C:\NXP\MCUXpressoIDE_11.8.0_1165\workspace\peripherals_lib\flash\libperipherals_lib.a(swm.o)
 .comment       0x00000045       0x46 c:/nxp/mcuxpressoide_11.8.0_1165/ide/plugins/com.nxp.mcuxpresso.tools.win32_11.8.0.202306131047/tools/bin/../lib/gcc/arm-none-eabi/12.2.1/../../../../arm-none-eabi/lib/thumb/v6-m/nofp\libcr_semihost_nf.a(_cr__main.o)
 .comment       0x00000045       0x46 c:/nxp/mcuxpressoide_11.8.0_1165/ide/plugins/com.nxp.mcuxpresso.tools.win32_11.8.0.202306131047/tools/bin/../lib/gcc/arm-none-eabi/12.2.1/../../../../arm-none-eabi/lib/thumb/v6-m/nofp\libcr_c.a(memset.o)
 .comment       0x00000045       0x46 c:/nxp/mcuxpressoide_11.8.0_1165/ide/plugins/com.nxp.mcuxpresso.tools.win32_11.8.0.202306131047/tools/bin/../lib/gcc/arm-none-eabi/12.2.1/../../../../arm-none-eabi/lib/thumb/v6-m/nofp\libcr_c.a(initio.o)
 .comment       0x00000045       0x46 c:/nxp/mcuxpressoide_11.8.0_1165/ide/plugins/com.nxp.mcuxpresso.tools.win32_11.8.0.202306131047/tools/bin/../lib/gcc/arm-none-eabi/12.2.1/../../../../arm-none-eabi/lib/thumb/v6-m/nofp\libcr_c.a(printf.o)
 .comment       0x00000045       0x46 c:/nxp/mcuxpressoide_11.8.0_1165/ide/plugins/com.nxp.mcuxpresso.tools.win32_11.8.0.202306131047/tools/bin/../lib/gcc/arm-none-eabi/12.2.1/../../../../arm-none-eabi/lib/thumb/v6-m/nofp\libcr_c.a(setvbuf.o)
 .comment       0x00000045       0x46 c:/nxp/mcuxpressoide_11.8.0_1165/ide/plugins/com.nxp.mcuxpresso.tools.win32_11.8.0.202306131047/tools/bin/../lib/gcc/arm-none-eabi/12.2.1/../../../../arm-none-eabi/lib/thumb/v6-m/nofp\libcr_c.a(strlen.o)
 .comment       0x00000045       0x46 c:/nxp/mcuxpressoide_11.8.0_1165/ide/plugins/com.nxp.mcuxpresso.tools.win32_11.8.0.202306131047/tools/bin/../lib/gcc/arm-none-eabi/12.2.1/../../../../arm-none-eabi/lib/thumb/v6-m/nofp\libcr_c.a(_deferredlazyseek.o)
 .comment       0x00000045       0x46 c:/nxp/mcuxpressoide_11.8.0_1165/ide/plugins/com.nxp.mcuxpresso.tools.win32_11.8.0.202306131047/tools/bin/../lib/gcc/arm-none-eabi/12.2.1/../../../../arm-none-eabi/lib/thumb/v6-m/nofp\libcr_c.a(_fdopen.o)
 .comment       0x00000045       0x46 c:/nxp/mcuxpressoide_11.8.0_1165/ide/plugins/com.nxp.mcuxpresso.tools.win32_11.8.0.202306131047/tools/bin/../lib/gcc/arm-none-eabi/12.2.1/../../../../arm-none-eabi/lib/thumb/v6-m/nofp\libcr_c.a(_fflush.o)
 .comment       0x00000045       0x46 c:/nxp/mcuxpressoide_11.8.0_1165/ide/plugins/com.nxp.mcuxpresso.tools.win32_11.8.0.202306131047/tools/bin/../lib/gcc/arm-none-eabi/12.2.1/../../../../arm-none-eabi/lib/thumb/v6-m/nofp\libcr_c.a(_writebuf.o)
 .comment       0x00000045       0x46 c:/nxp/mcuxpressoide_11.8.0_1165/ide/plugins/com.nxp.mcuxpresso.tools.win32_11.8.0.202306131047/tools/bin/../lib/gcc/arm-none-eabi/12.2.1/../../../../arm-none-eabi/lib/thumb/v6-m/nofp\libcr_c.a(alloc.o)
 .comment       0x00000045       0x46 c:/nxp/mcuxpressoide_11.8.0_1165/ide/plugins/com.nxp.mcuxpresso.tools.win32_11.8.0.202306131047/tools/bin/../lib/gcc/arm-none-eabi/12.2.1/../../../../arm-none-eabi/lib/thumb/v6-m/nofp\libcr_c.a(fclose.o)
 .comment       0x00000045       0x46 c:/nxp/mcuxpressoide_11.8.0_1165/ide/plugins/com.nxp.mcuxpresso.tools.win32_11.8.0.202306131047/tools/bin/../lib/gcc/arm-none-eabi/12.2.1/../../../../arm-none-eabi/lib/thumb/v6-m/nofp\libcr_c.a(fflush.o)
 .comment       0x00000045       0x46 c:/nxp/mcuxpressoide_11.8.0_1165/ide/plugins/com.nxp.mcuxpresso.tools.win32_11.8.0.202306131047/tools/bin/../lib/gcc/arm-none-eabi/12.2.1/../../../../arm-none-eabi/lib/thumb/v6-m/nofp\libcr_c.a(fseek.o)
 .comment       0x00000045       0x46 c:/nxp/mcuxpressoide_11.8.0_1165/ide/plugins/com.nxp.mcuxpresso.tools.win32_11.8.0.202306131047/tools/bin/../lib/gcc/arm-none-eabi/12.2.1/../../../../arm-none-eabi/lib/thumb/v6-m/nofp\libcr_c.a(ftell.o)
 .comment       0x00000045       0x46 c:/nxp/mcuxpressoide_11.8.0_1165/ide/plugins/com.nxp.mcuxpresso.tools.win32_11.8.0.202306131047/tools/bin/../lib/gcc/arm-none-eabi/12.2.1/../../../../arm-none-eabi/lib/thumb/v6-m/nofp\libcr_c.a(remove.o)
 .comment       0x00000045       0x46 c:/nxp/mcuxpressoide_11.8.0_1165/ide/plugins/com.nxp.mcuxpresso.tools.win32_11.8.0.202306131047/tools/bin/../lib/gcc/arm-none-eabi/12.2.1/../../../../arm-none-eabi/lib/thumb/v6-m/nofp\libcr_c.a(__init_alloc.o)
 .comment       0x00000045       0x46 c:/nxp/mcuxpressoide_11.8.0_1165/ide/plugins/com.nxp.mcuxpresso.tools.win32_11.8.0.202306131047/tools/bin/../lib/gcc/arm-none-eabi/12.2.1/../../../../arm-none-eabi/lib/thumb/v6-m/nofp\libcr_c.a(_cr_sbrk.o)
 .comment       0x00000045       0x46 c:/nxp/mcuxpressoide_11.8.0_1165/ide/plugins/com.nxp.mcuxpresso.tools.win32_11.8.0.202306131047/tools/bin/../lib/gcc/arm-none-eabi/12.2.1/../../../../arm-none-eabi/lib/thumb/v6-m/nofp\libcr_c.a(_do_fflush.o)
 .comment       0x00000045       0x46 c:/nxp/mcuxpressoide_11.8.0_1165/ide/plugins/com.nxp.mcuxpresso.tools.win32_11.8.0.202306131047/tools/bin/../lib/gcc/arm-none-eabi/12.2.1/../../../../arm-none-eabi/lib/thumb/v6-m/nofp\libcr_c.a(errno.o)
 .comment       0x00000045       0x46 c:/nxp/mcuxpressoide_11.8.0_1165/ide/plugins/com.nxp.mcuxpresso.tools.win32_11.8.0.202306131047/tools/bin/../lib/gcc/arm-none-eabi/12.2.1/../../../../arm-none-eabi/lib/thumb/v6-m/nofp\libcr_c.a(_cr_check_heap.o)
 .comment       0x00000045       0x46 c:/nxp/mcuxpressoide_11.8.0_1165/ide/plugins/com.nxp.mcuxpresso.tools.win32_11.8.0.202306131047/tools/bin/../lib/gcc/arm-none-eabi/12.2.1/../../../../arm-none-eabi/lib/thumb/v6-m/nofp\libcr_semihost_nf.a(__ciob.o)

.ARM.attributes
                0x00000000       0x2a
 .ARM.attributes
                0x00000000       0x2c ./src/MCUXpresso_Retarget.o
 .ARM.attributes
                0x0000002c       0x2c ./src/MCUXpresso_cr_startup.o
 .ARM.attributes
                0x00000058       0x2c ./src/MCUXpresso_crp.o
 .ARM.attributes
                0x00000084       0x2c ./src/MFRC522Debug.o
 .ARM.attributes
                0x000000b0       0x2c ./src/MFRC522DriverSPI.o
 .ARM.attributes
                0x000000dc       0x2c ./src/MFRC522v2.o
 .ARM.attributes
                0x00000108       0x2c ./src/Serial.o
 .ARM.attributes
                0x00000134       0x2c ./src/lib_ENS_II1_lcd_v2.o
 .ARM.attributes
                0x00000160       0x2c ./src/main.o
 .ARM.attributes
                0x0000018c       0x2c ./src/spi.o
 .ARM.attributes
                0x000001b8       0x2c ./src/system.o
 .ARM.attributes
                0x000001e4       0x2c C:\NXP\MCUXpressoIDE_11.8.0_1165\workspace\peripherals_lib\flash\libperipherals_lib.a(i2c.o)
 .ARM.attributes
                0x00000210       0x2c C:\NXP\MCUXpressoIDE_11.8.0_1165\workspace\peripherals_lib\flash\libperipherals_lib.a(swm.o)
 .ARM.attributes
                0x0000023c       0x2c c:/nxp/mcuxpressoide_11.8.0_1165/ide/plugins/com.nxp.mcuxpresso.tools.win32_11.8.0.202306131047/tools/bin/../lib/gcc/arm-none-eabi/12.2.1/../../../../arm-none-eabi/lib/thumb/v6-m/nofp\libcr_semihost_nf.a(_cr__main.o)
 .ARM.attributes
                0x00000268       0x2c c:/nxp/mcuxpressoide_11.8.0_1165/ide/plugins/com.nxp.mcuxpresso.tools.win32_11.8.0.202306131047/tools/bin/../lib/gcc/arm-none-eabi/12.2.1/../../../../arm-none-eabi/lib/thumb/v6-m/nofp\libcr_c.a(memset.o)
 .ARM.attributes
                0x00000294       0x2c c:/nxp/mcuxpressoide_11.8.0_1165/ide/plugins/com.nxp.mcuxpresso.tools.win32_11.8.0.202306131047/tools/bin/../lib/gcc/arm-none-eabi/12.2.1/../../../../arm-none-eabi/lib/thumb/v6-m/nofp\libcr_c.a(initio.o)
 .ARM.attributes
                0x000002c0       0x2c c:/nxp/mcuxpressoide_11.8.0_1165/ide/plugins/com.nxp.mcuxpresso.tools.win32_11.8.0.202306131047/tools/bin/../lib/gcc/arm-none-eabi/12.2.1/../../../../arm-none-eabi/lib/thumb/v6-m/nofp\libcr_c.a(printf.o)
 .ARM.attributes
                0x000002ec       0x2c c:/nxp/mcuxpressoide_11.8.0_1165/ide/plugins/com.nxp.mcuxpresso.tools.win32_11.8.0.202306131047/tools/bin/../lib/gcc/arm-none-eabi/12.2.1/../../../../arm-none-eabi/lib/thumb/v6-m/nofp\libcr_c.a(setvbuf.o)
 .ARM.attributes
                0x00000318       0x2c c:/nxp/mcuxpressoide_11.8.0_1165/ide/plugins/com.nxp.mcuxpresso.tools.win32_11.8.0.202306131047/tools/bin/../lib/gcc/arm-none-eabi/12.2.1/../../../../arm-none-eabi/lib/thumb/v6-m/nofp\libcr_c.a(strlen.o)
 .ARM.attributes
                0x00000344       0x2c c:/nxp/mcuxpressoide_11.8.0_1165/ide/plugins/com.nxp.mcuxpresso.tools.win32_11.8.0.202306131047/tools/bin/../lib/gcc/arm-none-eabi/12.2.1/../../../../arm-none-eabi/lib/thumb/v6-m/nofp\libcr_c.a(_deferredlazyseek.o)
 .ARM.attributes
                0x00000370       0x2c c:/nxp/mcuxpressoide_11.8.0_1165/ide/plugins/com.nxp.mcuxpresso.tools.win32_11.8.0.202306131047/tools/bin/../lib/gcc/arm-none-eabi/12.2.1/../../../../arm-none-eabi/lib/thumb/v6-m/nofp\libcr_c.a(_fdopen.o)
 .ARM.attributes
                0x0000039c       0x2c c:/nxp/mcuxpressoide_11.8.0_1165/ide/plugins/com.nxp.mcuxpresso.tools.win32_11.8.0.202306131047/tools/bin/../lib/gcc/arm-none-eabi/12.2.1/../../../../arm-none-eabi/lib/thumb/v6-m/nofp\libcr_c.a(_fflush.o)
 .ARM.attributes
                0x000003c8       0x2c c:/nxp/mcuxpressoide_11.8.0_1165/ide/plugins/com.nxp.mcuxpresso.tools.win32_11.8.0.202306131047/tools/bin/../lib/gcc/arm-none-eabi/12.2.1/../../../../arm-none-eabi/lib/thumb/v6-m/nofp\libcr_c.a(_writebuf.o)
 .ARM.attributes
                0x000003f4       0x2c c:/nxp/mcuxpressoide_11.8.0_1165/ide/plugins/com.nxp.mcuxpresso.tools.win32_11.8.0.202306131047/tools/bin/../lib/gcc/arm-none-eabi/12.2.1/../../../../arm-none-eabi/lib/thumb/v6-m/nofp\libcr_c.a(alloc.o)
 .ARM.attributes
                0x00000420       0x2c c:/nxp/mcuxpressoide_11.8.0_1165/ide/plugins/com.nxp.mcuxpresso.tools.win32_11.8.0.202306131047/tools/bin/../lib/gcc/arm-none-eabi/12.2.1/../../../../arm-none-eabi/lib/thumb/v6-m/nofp\libcr_c.a(fclose.o)
 .ARM.attributes
                0x0000044c       0x2c c:/nxp/mcuxpressoide_11.8.0_1165/ide/plugins/com.nxp.mcuxpresso.tools.win32_11.8.0.202306131047/tools/bin/../lib/gcc/arm-none-eabi/12.2.1/../../../../arm-none-eabi/lib/thumb/v6-m/nofp\libcr_c.a(fflush.o)
 .ARM.attributes
                0x00000478       0x2c c:/nxp/mcuxpressoide_11.8.0_1165/ide/plugins/com.nxp.mcuxpresso.tools.win32_11.8.0.202306131047/tools/bin/../lib/gcc/arm-none-eabi/12.2.1/../../../../arm-none-eabi/lib/thumb/v6-m/nofp\libcr_c.a(fseek.o)
 .ARM.attributes
                0x000004a4       0x2c c:/nxp/mcuxpressoide_11.8.0_1165/ide/plugins/com.nxp.mcuxpresso.tools.win32_11.8.0.202306131047/tools/bin/../lib/gcc/arm-none-eabi/12.2.1/../../../../arm-none-eabi/lib/thumb/v6-m/nofp\libcr_c.a(ftell.o)
 .ARM.attributes
                0x000004d0       0x2c c:/nxp/mcuxpressoide_11.8.0_1165/ide/plugins/com.nxp.mcuxpresso.tools.win32_11.8.0.202306131047/tools/bin/../lib/gcc/arm-none-eabi/12.2.1/../../../../arm-none-eabi/lib/thumb/v6-m/nofp\libcr_c.a(remove.o)
 .ARM.attributes
                0x000004fc       0x2c c:/nxp/mcuxpressoide_11.8.0_1165/ide/plugins/com.nxp.mcuxpresso.tools.win32_11.8.0.202306131047/tools/bin/../lib/gcc/arm-none-eabi/12.2.1/../../../../arm-none-eabi/lib/thumb/v6-m/nofp\libcr_c.a(__init_alloc.o)
 .ARM.attributes
                0x00000528       0x2c c:/nxp/mcuxpressoide_11.8.0_1165/ide/plugins/com.nxp.mcuxpresso.tools.win32_11.8.0.202306131047/tools/bin/../lib/gcc/arm-none-eabi/12.2.1/../../../../arm-none-eabi/lib/thumb/v6-m/nofp\libcr_c.a(_cr_sbrk.o)
 .ARM.attributes
                0x00000554       0x2c c:/nxp/mcuxpressoide_11.8.0_1165/ide/plugins/com.nxp.mcuxpresso.tools.win32_11.8.0.202306131047/tools/bin/../lib/gcc/arm-none-eabi/12.2.1/../../../../arm-none-eabi/lib/thumb/v6-m/nofp\libcr_c.a(_do_fflush.o)
 .ARM.attributes
                0x00000580       0x2c c:/nxp/mcuxpressoide_11.8.0_1165/ide/plugins/com.nxp.mcuxpresso.tools.win32_11.8.0.202306131047/tools/bin/../lib/gcc/arm-none-eabi/12.2.1/../../../../arm-none-eabi/lib/thumb/v6-m/nofp\libcr_c.a(errno.o)
 .ARM.attributes
                0x000005ac       0x2c c:/nxp/mcuxpressoide_11.8.0_1165/ide/plugins/com.nxp.mcuxpresso.tools.win32_11.8.0.202306131047/tools/bin/../lib/gcc/arm-none-eabi/12.2.1/../../../../arm-none-eabi/lib/thumb/v6-m/nofp\libcr_c.a(_cr_check_heap.o)
 .ARM.attributes
                0x000005d8       0x1c c:/nxp/mcuxpressoide_11.8.0_1165/ide/plugins/com.nxp.mcuxpresso.tools.win32_11.8.0.202306131047/tools/bin/../lib/gcc/arm-none-eabi/12.2.1/thumb/v6-m/nofp\libcr_eabihelpers.a(division_32.o)
 .ARM.attributes
                0x000005f4       0x1c c:/nxp/mcuxpressoide_11.8.0_1165/ide/plugins/com.nxp.mcuxpresso.tools.win32_11.8.0.202306131047/tools/bin/../lib/gcc/arm-none-eabi/12.2.1/thumb/v6-m/nofp\libcr_eabihelpers.a(division_idiv0.o)
 .ARM.attributes
                0x00000610       0x1c c:/nxp/mcuxpressoide_11.8.0_1165/ide/plugins/com.nxp.mcuxpresso.tools.win32_11.8.0.202306131047/tools/bin/../lib/gcc/arm-none-eabi/12.2.1/thumb/v6-m/nofp\libcr_eabihelpers.a(llong.o)
 .ARM.attributes
                0x0000062c       0x1c c:/nxp/mcuxpressoide_11.8.0_1165/ide/plugins/com.nxp.mcuxpresso.tools.win32_11.8.0.202306131047/tools/bin/../lib/gcc/arm-none-eabi/12.2.1/thumb/v6-m/nofp\libcr_eabihelpers.a(memcpy.o)
 .ARM.attributes
                0x00000648       0x1c c:/nxp/mcuxpressoide_11.8.0_1165/ide/plugins/com.nxp.mcuxpresso.tools.win32_11.8.0.202306131047/tools/bin/../lib/gcc/arm-none-eabi/12.2.1/thumb/v6-m/nofp\libcr_eabihelpers.a(thumb1_switch_helpers.o)
 .ARM.attributes
                0x00000664       0x2c c:/nxp/mcuxpressoide_11.8.0_1165/ide/plugins/com.nxp.mcuxpresso.tools.win32_11.8.0.202306131047/tools/bin/../lib/gcc/arm-none-eabi/12.2.1/../../../../arm-none-eabi/lib/thumb/v6-m/nofp\libcr_semihost_nf.a(__ciob.o)
 .ARM.attributes
                0x00000690       0x1c c:/nxp/mcuxpressoide_11.8.0_1165/ide/plugins/com.nxp.mcuxpresso.tools.win32_11.8.0.202306131047/tools/bin/../lib/gcc/arm-none-eabi/12.2.1/../../../../arm-none-eabi/lib/thumb/v6-m/nofp\libcr_semihost_nf.a(__sys_appexit.o)
 .ARM.attributes
                0x000006ac       0x1c c:/nxp/mcuxpressoide_11.8.0_1165/ide/plugins/com.nxp.mcuxpresso.tools.win32_11.8.0.202306131047/tools/bin/../lib/gcc/arm-none-eabi/12.2.1/../../../../arm-none-eabi/lib/thumb/v6-m/nofp\libcr_semihost_nf.a(__sys_close.o)
 .ARM.attributes
                0x000006c8       0x1c c:/nxp/mcuxpressoide_11.8.0_1165/ide/plugins/com.nxp.mcuxpresso.tools.win32_11.8.0.202306131047/tools/bin/../lib/gcc/arm-none-eabi/12.2.1/../../../../arm-none-eabi/lib/thumb/v6-m/nofp\libcr_semihost_nf.a(__sys_flen.o)
 .ARM.attributes
                0x000006e4       0x1c c:/nxp/mcuxpressoide_11.8.0_1165/ide/plugins/com.nxp.mcuxpresso.tools.win32_11.8.0.202306131047/tools/bin/../lib/gcc/arm-none-eabi/12.2.1/../../../../arm-none-eabi/lib/thumb/v6-m/nofp\libcr_semihost_nf.a(__sys_istty.o)
 .ARM.attributes
                0x00000700       0x1c c:/nxp/mcuxpressoide_11.8.0_1165/ide/plugins/com.nxp.mcuxpresso.tools.win32_11.8.0.202306131047/tools/bin/../lib/gcc/arm-none-eabi/12.2.1/../../../../arm-none-eabi/lib/thumb/v6-m/nofp\libcr_semihost_nf.a(__sys_remove.o)
 .ARM.attributes
                0x0000071c       0x1c c:/nxp/mcuxpressoide_11.8.0_1165/ide/plugins/com.nxp.mcuxpresso.tools.win32_11.8.0.202306131047/tools/bin/../lib/gcc/arm-none-eabi/12.2.1/../../../../arm-none-eabi/lib/thumb/v6-m/nofp\libcr_semihost_nf.a(__sys_seek.o)
 .ARM.attributes
                0x00000738       0x1c c:/nxp/mcuxpressoide_11.8.0_1165/ide/plugins/com.nxp.mcuxpresso.tools.win32_11.8.0.202306131047/tools/bin/../lib/gcc/arm-none-eabi/12.2.1/../../../../arm-none-eabi/lib/thumb/v6-m/nofp\libcr_semihost_nf.a(__sys_tmpnam.o)

.debug_frame    0x00000000      0xbe0
 .debug_frame   0x00000000       0x4c ./src/MCUXpresso_Retarget.o
 .debug_frame   0x0000004c      0x118 ./src/MCUXpresso_cr_startup.o
 .debug_frame   0x00000164      0x160 ./src/MFRC522Debug.o
 .debug_frame   0x000002c4       0x94 ./src/MFRC522DriverSPI.o
 .debug_frame   0x00000358      0x504 ./src/MFRC522v2.o
 .debug_frame   0x0000085c       0xa4 ./src/Serial.o
 .debug_frame   0x00000900       0xb0 ./src/lib_ENS_II1_lcd_v2.o
 .debug_frame   0x000009b0       0x50 ./src/main.o
 .debug_frame   0x00000a00       0x90 ./src/spi.o
 .debug_frame   0x00000a90       0x50 ./src/system.o
 .debug_frame   0x00000ae0       0x90 C:\NXP\MCUXpressoIDE_11.8.0_1165\workspace\peripherals_lib\flash\libperipherals_lib.a(i2c.o)
 .debug_frame   0x00000b70       0x70 C:\NXP\MCUXpressoIDE_11.8.0_1165\workspace\peripherals_lib\flash\libperipherals_lib.a(swm.o)
