Archive member included to satisfy reference by file (symbol)

C:\NXP\MCUXpressoIDE_11.8.0_1165\workspace\peripherals_lib\flash\libperipherals_lib.a(i2c.o)
                              ./src/lib_ENS_II1_lcd_v2.o (I2CmasterWrite)
C:\NXP\MCUXpressoIDE_11.8.0_1165\workspace\peripherals_lib\flash\libperipherals_lib.a(spi.o)
                              ./src/SPI_Master.o (SPImasterWriteOnly)
C:\NXP\MCUXpressoIDE_11.8.0_1165\workspace\peripherals_lib\flash\libperipherals_lib.a(swm.o)
                              ./src/SPI_Master.o (ConfigSWM)
c:/nxp/mcuxpressoide_11.8.0_1165/ide/plugins/com.nxp.mcuxpresso.tools.win32_11.8.0.202306131047/tools/bin/../lib/gcc/arm-none-eabi/12.2.1/../../../../arm-none-eabi/lib/thumb/v6-m/nofp\libcr_nohost_nf.a(_cr__main.o)
                              ./src/MCUXpresso_cr_startup.o (__main)
c:/nxp/mcuxpressoide_11.8.0_1165/ide/plugins/com.nxp.mcuxpresso.tools.win32_11.8.0.202306131047/tools/bin/../lib/gcc/arm-none-eabi/12.2.1/../../../../arm-none-eabi/lib/thumb/v6-m/nofp\libcr_c.a(initio.o)
                              c:/nxp/mcuxpressoide_11.8.0_1165/ide/plugins/com.nxp.mcuxpresso.tools.win32_11.8.0.202306131047/tools/bin/../lib/gcc/arm-none-eabi/12.2.1/../../../../arm-none-eabi/lib/thumb/v6-m/nofp\libcr_nohost_nf.a(_cr__main.o) (_initio)
c:/nxp/mcuxpressoide_11.8.0_1165/ide/plugins/com.nxp.mcuxpresso.tools.win32_11.8.0.202306131047/tools/bin/../lib/gcc/arm-none-eabi/12.2.1/../../../../arm-none-eabi/lib/thumb/v6-m/nofp\libcr_c.a(printf.o)
                              ./src/SPI_Master.o (_printf)
c:/nxp/mcuxpressoide_11.8.0_1165/ide/plugins/com.nxp.mcuxpresso.tools.win32_11.8.0.202306131047/tools/bin/../lib/gcc/arm-none-eabi/12.2.1/../../../../arm-none-eabi/lib/thumb/v6-m/nofp\libcr_c.a(setvbuf.o)
                              c:/nxp/mcuxpressoide_11.8.0_1165/ide/plugins/com.nxp.mcuxpresso.tools.win32_11.8.0.202306131047/tools/bin/../lib/gcc/arm-none-eabi/12.2.1/../../../../arm-none-eabi/lib/thumb/v6-m/nofp\libcr_c.a(initio.o) (setvbuf)
c:/nxp/mcuxpressoide_11.8.0_1165/ide/plugins/com.nxp.mcuxpresso.tools.win32_11.8.0.202306131047/tools/bin/../lib/gcc/arm-none-eabi/12.2.1/../../../../arm-none-eabi/lib/thumb/v6-m/nofp\libcr_c.a(strlen.o)
                              c:/nxp/mcuxpressoide_11.8.0_1165/ide/plugins/com.nxp.mcuxpresso.tools.win32_11.8.0.202306131047/tools/bin/../lib/gcc/arm-none-eabi/12.2.1/../../../../arm-none-eabi/lib/thumb/v6-m/nofp\libcr_c.a(printf.o) (strlen)
c:/nxp/mcuxpressoide_11.8.0_1165/ide/plugins/com.nxp.mcuxpresso.tools.win32_11.8.0.202306131047/tools/bin/../lib/gcc/arm-none-eabi/12.2.1/../../../../arm-none-eabi/lib/thumb/v6-m/nofp\libcr_c.a(memset.o)
                              c:/nxp/mcuxpressoide_11.8.0_1165/ide/plugins/com.nxp.mcuxpresso.tools.win32_11.8.0.202306131047/tools/bin/../lib/gcc/arm-none-eabi/12.2.1/../../../../arm-none-eabi/lib/thumb/v6-m/nofp\libcr_c.a(printf.o) (memset)
c:/nxp/mcuxpressoide_11.8.0_1165/ide/plugins/com.nxp.mcuxpresso.tools.win32_11.8.0.202306131047/tools/bin/../lib/gcc/arm-none-eabi/12.2.1/../../../../arm-none-eabi/lib/thumb/v6-m/nofp\libcr_c.a(_deferredlazyseek.o)
                              c:/nxp/mcuxpressoide_11.8.0_1165/ide/plugins/com.nxp.mcuxpresso.tools.win32_11.8.0.202306131047/tools/bin/../lib/gcc/arm-none-eabi/12.2.1/../../../../arm-none-eabi/lib/thumb/v6-m/nofp\libcr_c.a(printf.o) (__flsbuf)
c:/nxp/mcuxpressoide_11.8.0_1165/ide/plugins/com.nxp.mcuxpresso.tools.win32_11.8.0.202306131047/tools/bin/../lib/gcc/arm-none-eabi/12.2.1/../../../../arm-none-eabi/lib/thumb/v6-m/nofp\libcr_c.a(_fdopen.o)
                              c:/nxp/mcuxpressoide_11.8.0_1165/ide/plugins/com.nxp.mcuxpresso.tools.win32_11.8.0.202306131047/tools/bin/../lib/gcc/arm-none-eabi/12.2.1/../../../../arm-none-eabi/lib/thumb/v6-m/nofp\libcr_c.a(initio.o) (_fdopen)
c:/nxp/mcuxpressoide_11.8.0_1165/ide/plugins/com.nxp.mcuxpresso.tools.win32_11.8.0.202306131047/tools/bin/../lib/gcc/arm-none-eabi/12.2.1/../../../../arm-none-eabi/lib/thumb/v6-m/nofp\libcr_c.a(_fflush.o)
                              c:/nxp/mcuxpressoide_11.8.0_1165/ide/plugins/com.nxp.mcuxpresso.tools.win32_11.8.0.202306131047/tools/bin/../lib/gcc/arm-none-eabi/12.2.1/../../../../arm-none-eabi/lib/thumb/v6-m/nofp\libcr_c.a(_deferredlazyseek.o) (_fflush)
c:/nxp/mcuxpressoide_11.8.0_1165/ide/plugins/com.nxp.mcuxpresso.tools.win32_11.8.0.202306131047/tools/bin/../lib/gcc/arm-none-eabi/12.2.1/../../../../arm-none-eabi/lib/thumb/v6-m/nofp\libcr_c.a(_writebuf.o)
                              c:/nxp/mcuxpressoide_11.8.0_1165/ide/plugins/com.nxp.mcuxpresso.tools.win32_11.8.0.202306131047/tools/bin/../lib/gcc/arm-none-eabi/12.2.1/../../../../arm-none-eabi/lib/thumb/v6-m/nofp\libcr_c.a(_deferredlazyseek.o) (_Cwritebuf)
c:/nxp/mcuxpressoide_11.8.0_1165/ide/plugins/com.nxp.mcuxpresso.tools.win32_11.8.0.202306131047/tools/bin/../lib/gcc/arm-none-eabi/12.2.1/../../../../arm-none-eabi/lib/thumb/v6-m/nofp\libcr_c.a(alloc.o)
[...]
Memory Configuration

Name             Origin             Length             Attributes
MFlash32         0x00000000         0x00007f80         xr
RamLoc4          0x10000000         0x00001000         xrw
*default*        0x00000000         0xffffffff

Linker script and memory map

LOAD ./src/MCUXpresso_Retarget.o
LOAD ./src/MCUXpresso_cr_startup.o
LOAD ./src/MCUXpresso_crp.o
LOAD ./src/MCUXpresso_mtb.o
LOAD ./src/SPI_Master.o
LOAD ./src/Serial.o
LOAD ./src/lib_ENS_II1_lcd_v2.o
LOAD ./src/system.o
LOAD C:\NXP\MCUXpressoIDE_11.8.0_1165\workspace\peripherals_lib\flash\libperipherals_lib.a
LOAD C:\NXP\MCUXpressoIDE_11.8.0_1165\workspace\utilities_lib\flash\libutilities_lib.a
START GROUP
LOAD c:/nxp/mcuxpressoide_11.8.0_1165/ide/plugins/com.nxp.mcuxpresso.tools.win32_11.8.0.202306131047/tools/bin/../lib/gcc/arm-none-eabi/12.2.1/../../../../arm-none-eabi/lib/thumb/v6-m/nofp\libcr_nohost_nf.a
LOAD c:/nxp/mcuxpressoide_11.8.0_1165/ide/plugins/com.nxp.mcuxpresso.tools.win32_11.8.0.202306131047/tools/bin/../lib/gcc/arm-none-eabi/12.2.1/../../../../arm-none-eabi/lib/thumb/v6-m/nofp\libcr_c.a
LOAD c:/nxp/mcuxpressoide_11.8.0_1165/ide/plugins/com.nxp.mcuxpresso.tools.win32_11.8.0.202306131047/tools/bin/../lib/gcc/arm-none-eabi/12.2.1/thumb/v6-m/nofp\libcr_eabihelpers.a
LOAD c:/nxp/mcuxpressoide_11.8.0_1165/ide/plugins/com.nxp.mcuxpresso.tools.win32_11.8.0.202306131047/tools/bin/../lib/gcc/arm-none-eabi/12.2.1/thumb/v6-m/nofp\libgcc.a
END GROUP
                0x00000000                __base_MFlash32 = 0x0
                0x00000000                __base_Flash = 0x0
                0x00007f80                __top_MFlash32 = 0x7f80
                0x00007f80                __top_Flash = 0x7f80
                0x10000000                __base_RamLoc4 = 0x10000000
                0x10000000                __base_RAM = 0x10000000
                0x10001000                __top_RamLoc4 = 0x10001000
                0x10001000                __top_RAM = 0x10001000

.text           0x00000000     0x2398
 FILL mask 0xff
                0x00000000                __vectors_start__ = ABSOLUTE (.)
 *(.isr_vector)
 .isr_vector    0x00000000       0xc0 ./src/MCUXpresso_cr_startup.o
                0x00000000                g_pfnVectors
                0x000000c0                . = ALIGN (0x4)
                0x000000c0                __section_table_start = .
                0x000000c0                __data_section_table = .
                0x000000c0        0x4 LONG 0x2398 LOADADDR (.data)
                0x000000c4        0x4 LONG 0x10000000 ADDR (.data)
                0x000000c8        0x4 LONG 0x14 SIZEOF (.data)
                0x000000cc                __data_section_table_end = .
                0x000000cc                __bss_section_table = .
                0x000000cc        0x4 LONG 0x10000014 ADDR (.bss)
                0x000000d0        0x4 LONG 0xc8 SIZEOF (.bss)
                0x000000d4                __bss_section_table_end = .
                0x000000d4                __section_table_end = .
 *(.after_vectors*)
 .after_vectors
                0x000000d4      0x128 ./src/MCUXpresso_cr_startup.o
                0x000000d4                data_init
                0x00000116                bss_init
                0x0000014c                ResetISR
                0x000001cc                NMI_Handler
                0x000001d4                HardFault_Handler
                0x000001dc                SVC_Handler
                0x000001e4                PendSV_Handler
                0x000001ec                SysTick_Handler
                0x000001f4                PININT1_IRQHandler
                0x000001f4                PININT2_IRQHandler
                0x000001f4                MRT_IRQHandler
                0x000001f4                I2C1_IRQHandler
                0x000001f4                UART1_IRQHandler
                0x000001f4                ADC_SEQB_IRQHandler
                0x000001f4                UART0_IRQHandler
                0x000001f4                WKT_IRQHandler
                0x000001f4                IntDefaultHandler
                0x000001f4                ADC_OVR_IRQHandler
                0x000001f4                PININT7_IRQHandler
                0x000001f4                PININT3_IRQHandler
                0x000001f4                PININT5_IRQHandler
                0x000001f4                PININT4_IRQHandler
                0x000001f4                ADC_THCMP_IRQHandler
                0x000001f4                PININT0_IRQHandler
                0x000001f4                BOD_IRQHandler
                0x000001f4                WDT_IRQHandler
                0x000001f4                I2C0_IRQHandler
                0x000001f4                ADC_SEQA_IRQHandler
                0x000001f4                DAC0_IRQHandler
                0x000001f4                PININT6_IRQHandler
                0x000001f4                CMP_IRQHandler
                0x000001f4                FLASH_IRQHandler
                0x000001f4                CTIMER0_IRQHandler
                0x000002fc                . = 0x2fc
 *fill*         0x000001fc      0x100 ff
                0x000002fc                PROVIDE (__CRP_WORD_START__ = .)
 *(.crp)
 .crp           0x000002fc        0x4 ./src/MCUXpresso_crp.o
                0x000002fc                CRP_WORD
                0x00000300                PROVIDE (__CRP_WORD_END__ = .)
                0x00000001                ASSERT (! ((__CRP_WORD_START__ == __CRP_WORD_END__)), Linker CRP Enabled, but no CRP_WORD provided within application)
 *(.text*)
 .text.__sys_write
                0x00000300       0x48 ./src/MCUXpresso_Retarget.o
                0x00000300                __sys_write
 .text.main     0x00000348       0xe0 ./src/SPI_Master.o
                0x00000348                main
 .text.sendchar
                0x00000428       0x28 ./src/Serial.o
                0x00000428                sendchar
 .text.setup_debug_uart
                0x00000450       0xb4 ./src/Serial.o
                0x00000450                setup_debug_uart
 .text.init_lcd
                0x00000504      0x2d0 ./src/lib_ENS_II1_lcd_v2.o
                0x00000504                init_lcd
 .text.lcd_puts
                0x000007d4       0x68 ./src/lib_ENS_II1_lcd_v2.o
                0x000007d4                lcd_puts
 .text.SystemInit
                0x0000083c       0x90 ./src/system.o
                0x0000083c                SystemInit
 .text.SystemCoreClockUpdate
                0x000008cc      0x104 ./src/system.o
                0x000008cc                SystemCoreClockUpdate
 .text.I2CmasterWrite
                0x000009d0       0x7c C:\NXP\MCUXpressoIDE_11.8.0_1165\workspace\peripherals_lib\flash\libperipherals_lib.a(i2c.o)
                0x000009d0                I2CmasterWrite
 .text.SPI0_IRQHandler
                0x00000a4c       0x58 C:\NXP\MCUXpressoIDE_11.8.0_1165\workspace\peripherals_lib\flash\libperipherals_lib.a(spi.o)
                0x00000a4c                SPI0_IRQHandler
 .text.SPImasterWriteOnly
                0x00000aa4       0xe0 C:\NXP\MCUXpressoIDE_11.8.0_1165\workspace\peripherals_lib\flash\libperipherals_lib.a(spi.o)
                0x00000aa4                SPImasterWriteOnly
 .text.ConfigSWM
                0x00000b84       0x80 C:\NXP\MCUXpressoIDE_11.8.0_1165\workspace\peripherals_lib\flash\libperipherals_lib.a(swm.o)
                0x00000b84                ConfigSWM
 .text.__main   0x00000c04        0xc c:/nxp/mcuxpressoide_11.8.0_1165/ide/plugins/com.nxp.mcuxpresso.tools.win32_11.8.0.202306131047/tools/bin/../lib/gcc/arm-none-eabi/12.2.1/../../../../arm-none-eabi/lib/thumb/v6-m/nofp\libcr_nohost_nf.a(_cr__main.o)
                0x00000c04                __main
 .text._initio  0x00000c10       0x7c c:/nxp/mcuxpressoide_11.8.0_1165/ide/plugins/com.nxp.mcuxpresso.tools.win32_11.8.0.202306131047/tools/bin/../lib/gcc/arm-none-eabi/12.2.1/../../../../arm-none-eabi/lib/thumb/v6-m/nofp\libcr_c.a(initio.o)
                0x00000c10                _initio
 .text.no_fp_display
                0x00000c8c        0x4 c:/nxp/mcuxpressoide_11.8.0_1165/ide/plugins/com.nxp.mcuxpresso.tools.win32_11.8.0.202306131047/tools/bin/../lib/gcc/arm-none-eabi/12.2.1/../../../../arm-none-eabi/lib/thumb/v6-m/nofp\libcr_c.a(printf.o)
 .text.__vfprintf
                0x00000c90      0xd88 c:/nxp/mcuxpressoide_11.8.0_1165/ide/plugins/com.nxp.mcuxpresso.tools.win32_11.8.0.202306131047/tools/bin/../lib/gcc/arm-none-eabi/12.2.1/../../../../arm-none-eabi/lib/thumb/v6-m/nofp\libcr_c.a(printf.o)
                0x00000c90                __vfprintf
 .text._vsnprintf
                0x00001a18       0x70 c:/nxp/mcuxpressoide_11.8.0_1165/ide/plugins/com.nxp.mcuxpresso.tools.win32_11.8.0.202306131047/tools/bin/../lib/gcc/arm-none-eabi/12.2.1/../../../../arm-none-eabi/lib/thumb/v6-m/nofp\libcr_c.a(printf.o)
                0x00001a18                _vsnprintf
 .text._printf  0x00001a88       0x50 c:/nxp/mcuxpressoide_11.8.0_1165/ide/plugins/com.nxp.mcuxpresso.tools.win32_11.8.0.202306131047/tools/bin/../lib/gcc/arm-none-eabi/12.2.1/../../../../arm-none-eabi/lib/thumb/v6-m/nofp\libcr_c.a(printf.o)
                0x00001a88                _printf
 .text.setvbuf  0x00001ad8       0x4c c:/nxp/mcuxpressoide_11.8.0_1165/ide/plugins/com.nxp.mcuxpresso.tools.win32_11.8.0.202306131047/tools/bin/../lib/gcc/arm-none-eabi/12.2.1/../../../../arm-none-eabi/lib/thumb/v6-m/nofp\libcr_c.a(setvbuf.o)
                0x00001ad8                setvbuf
 .text.strlen   0x00001b24       0x5c c:/nxp/mcuxpressoide_11.8.0_1165/ide/plugins/com.nxp.mcuxpresso.tools.win32_11.8.0.202306131047/tools/bin/../lib/gcc/arm-none-eabi/12.2.1/../../../../arm-none-eabi/lib/thumb/v6-m/nofp\libcr_c.a(strlen.o)
                0x00001b24                strlen
 .text.memset   0x00001b80        0x8 c:/nxp/mcuxpressoide_11.8.0_1165/ide/plugins/com.nxp.mcuxpresso.tools.win32_11.8.0.202306131047/tools/bin/../lib/gcc/arm-none-eabi/12.2.1/../../../../arm-none-eabi/lib/thumb/v6-m/nofp\libcr_c.a(memset.o)
                0x00001b80                memset
 .text._deferredlazyseek
                0x00001b88       0x40 c:/nxp/mcuxpressoide_11.8.0_1165/ide/plugins/com.nxp.mcuxpresso.tools.win32_11.8.0.202306131047/tools/bin/../lib/gcc/arm-none-eabi/12.2.1/../../../../arm-none-eabi/lib/thumb/v6-m/nofp\libcr_c.a(_deferredlazyseek.o)
                0x00001b88                _deferredlazyseek
 .text.__flsbuf
                0x00001bc8      0x150 c:/nxp/mcuxpressoide_11.8.0_1165/ide/plugins/com.nxp.mcuxpresso.tools.win32_11.8.0.202306131047/tools/bin/../lib/gcc/arm-none-eabi/12.2.1/../../../../arm-none-eabi/lib/thumb/v6-m/nofp\libcr_c.a(_deferredlazyseek.o)
                0x00001bc8                __flsbuf
 .text._fdopen  0x00001d18       0x74 c:/nxp/mcuxpressoide_11.8.0_1165/ide/plugins/com.nxp.mcuxpresso.tools.win32_11.8.0.202306131047/tools/bin/../lib/gcc/arm-none-eabi/12.2.1/../../../../arm-none-eabi/lib/thumb/v6-m/nofp\libcr_c.a(_fdopen.o)
                0x00001d18                _fdopen
 .text._fflush  0x00001d8c       0x5c c:/nxp/mcuxpressoide_11.8.0_1165/ide/plugins/com.nxp.mcuxpresso.tools.win32_11.8.0.202306131047/tools/bin/../lib/gcc/arm-none-eabi/12.2.1/../../../../arm-none-eabi/lib/thumb/v6-m/nofp\libcr_c.a(_fflush.o)
                0x00001d8c                _fflush
 .text._Cwritebuf
                0x00001de8       0x68 c:/nxp/mcuxpressoide_11.8.0_1165/ide/plugins/com.nxp.mcuxpresso.tools.win32_11.8.0.202306131047/tools/bin/../lib/gcc/arm-none-eabi/12.2.1/../../../../arm-none-eabi/lib/thumb/v6-m/nofp\libcr_c.a(_writebuf.o)
                0x00001de8                _Cwritebuf
 .text.malloc   0x00001e50       0xdc c:/nxp/mcuxpressoide_11.8.0_1165/ide/plugins/com.nxp.mcuxpresso.tools.win32_11.8.0.202306131047/tools/bin/../lib/gcc/arm-none-eabi/12.2.1/../../../../arm-none-eabi/lib/thumb/v6-m/nofp\libcr_c.a(alloc.o)
                0x00001e50                malloc
 .text.free     0x00001f2c       0x2c c:/nxp/mcuxpressoide_11.8.0_1165/ide/plugins/com.nxp.mcuxpresso.tools.win32_11.8.0.202306131047/tools/bin/../lib/gcc/arm-none-eabi/12.2.1/../../../../arm-none-eabi/lib/thumb/v6-m/nofp\libcr_c.a(alloc.o)
                0x00001f2c                free
 .text._Csys_alloc
                0x00001f58       0x20 c:/nxp/mcuxpressoide_11.8.0_1165/ide/plugins/com.nxp.mcuxpresso.tools.win32_11.8.0.202306131047/tools/bin/../lib/gcc/arm-none-eabi/12.2.1/../../../../arm-none-eabi/lib/thumb/v6-m/nofp\libcr_c.a(alloc.o)
                0x00001f58                _Csys_alloc
 .text.fclose   0x00001f78       0x5c c:/nxp/mcuxpressoide_11.8.0_1165/ide/plugins/com.nxp.mcuxpresso.tools.win32_11.8.0.202306131047/tools/bin/../lib/gcc/arm-none-eabi/12.2.1/../../../../arm-none-eabi/lib/thumb/v6-m/nofp\libcr_c.a(fclose.o)
                0x00001f78                fclose
 .text.fflush   0x00001fd4       0x40 c:/nxp/mcuxpressoide_11.8.0_1165/ide/plugins/com.nxp.mcuxpresso.tools.win32_11.8.0.202306131047/tools/bin/../lib/gcc/arm-none-eabi/12.2.1/../../../../arm-none-eabi/lib/thumb/v6-m/nofp\libcr_c.a(fflush.o)
                0x00001fd4                fflush
 .text.fseek    0x00002014       0xec c:/nxp/mcuxpressoide_11.8.0_1165/ide/plugins/com.nxp.mcuxpresso.tools.win32_11.8.0.202306131047/tools/bin/../lib/gcc/arm-none-eabi/12.2.1/../../../../arm-none-eabi/lib/thumb/v6-m/nofp\libcr_c.a(fseek.o)
                0x00002014                fseek
 .text.ftell    0x00002100       0x4c c:/nxp/mcuxpressoide_11.8.0_1165/ide/plugins/com.nxp.mcuxpresso.tools.win32_11.8.0.202306131047/tools/bin/../lib/gcc/arm-none-eabi/12.2.1/../../../../arm-none-eabi/lib/thumb/v6-m/nofp\libcr_c.a(ftell.o)
                0x00002100                ftell
 .text.remove   0x0000214c       0x12 c:/nxp/mcuxpressoide_11.8.0_1165/ide/plugins/com.nxp.mcuxpresso.tools.win32_11.8.0.202306131047/tools/bin/../lib/gcc/arm-none-eabi/12.2.1/../../../../arm-none-eabi/lib/thumb/v6-m/nofp\libcr_c.a(remove.o)
                0x0000214c                remove
 *fill*         0x0000215e        0x2 ff
 .text._sbrk    0x00002160       0x44 c:/nxp/mcuxpressoide_11.8.0_1165/ide/plugins/com.nxp.mcuxpresso.tools.win32_11.8.0.202306131047/tools/bin/../lib/gcc/arm-none-eabi/12.2.1/../../../../arm-none-eabi/lib/thumb/v6-m/nofp\libcr_c.a(_cr_sbrk.o)
                0x00002160                _sbrk
 .text._do_fflush
                0x000021a4       0x48 c:/nxp/mcuxpressoide_11.8.0_1165/ide/plugins/com.nxp.mcuxpresso.tools.win32_11.8.0.202306131047/tools/bin/../lib/gcc/arm-none-eabi/12.2.1/../../../../arm-none-eabi/lib/thumb/v6-m/nofp\libcr_c.a(_do_fflush.o)
                0x000021a4                _do_fflush
 .text.__check_heap_overflow
                0x000021ec       0x18 c:/nxp/mcuxpressoide_11.8.0_1165/ide/plugins/com.nxp.mcuxpresso.tools.win32_11.8.0.202306131047/tools/bin/../lib/gcc/arm-none-eabi/12.2.1/../../../../arm-none-eabi/lib/thumb/v6-m/nofp\libcr_c.a(_cr_check_heap.o)
                0x000021ec                __check_heap_overflow
 .text.__aeabi_division_idivmod
                0x00002204       0x78 c:/nxp/mcuxpressoide_11.8.0_1165/ide/plugins/com.nxp.mcuxpresso.tools.win32_11.8.0.202306131047/tools/bin/../lib/gcc/arm-none-eabi/12.2.1/thumb/v6-m/nofp\libcr_eabihelpers.a(division_32.o)
                0x00002204                __aeabi_idivmod
                0x00002204                __aeabi_idiv
                0x0000220a                __aeabi_uidivmod
                0x0000220a                __aeabi_uidiv
 .text.__aeabi_division_idiv0
                0x0000227c        0x2 c:/nxp/mcuxpressoide_11.8.0_1165/ide/plugins/com.nxp.mcuxpresso.tools.win32_11.8.0.202306131047/tools/bin/../lib/gcc/arm-none-eabi/12.2.1/thumb/v6-m/nofp\libcr_eabihelpers.a(division_idiv0.o)
                0x0000227c                __aeabi_idiv0
 .text.__aeabi_llong_lmul
                0x0000227e       0x2e c:/nxp/mcuxpressoide_11.8.0_1165/ide/plugins/com.nxp.mcuxpresso.tools.win32_11.8.0.202306131047/tools/bin/../lib/gcc/arm-none-eabi/12.2.1/thumb/v6-m/nofp\libcr_eabihelpers.a(llong.o)
                0x0000227e                __aeabi_lmul
 .text.__aeabi_memset_lowlevel
                0x000022ac       0x2a c:/nxp/mcuxpressoide_11.8.0_1165/ide/plugins/com.nxp.mcuxpresso.tools.win32_11.8.0.202306131047/tools/bin/../lib/gcc/arm-none-eabi/12.2.1/thumb/v6-m/nofp\libcr_eabihelpers.a(memcpy.o)
                0x000022ac                __aeabi_lowlevel_memset
 .text.__gnu_thumb1_case_uqi
                0x000022d6       0x10 c:/nxp/mcuxpressoide_11.8.0_1165/ide/plugins/com.nxp.mcuxpresso.tools.win32_11.8.0.202306131047/tools/bin/../lib/gcc/arm-none-eabi/12.2.1/thumb/v6-m/nofp\libcr_eabihelpers.a(thumb1_switch_helpers.o)
                0x000022d6                __gnu_thumb1_case_uqi
 .text.__gnu_thumb1_case_shi
                0x000022e6       0x10 c:/nxp/mcuxpressoide_11.8.0_1165/ide/plugins/com.nxp.mcuxpresso.tools.win32_11.8.0.202306131047/tools/bin/../lib/gcc/arm-none-eabi/12.2.1/thumb/v6-m/nofp\libcr_eabihelpers.a(thumb1_switch_helpers.o)
                0x000022e6                __gnu_thumb1_case_shi
 .text.__gnu_thumb1_case_uhi
                0x000022f6       0x10 c:/nxp/mcuxpressoide_11.8.0_1165/ide/plugins/com.nxp.mcuxpresso.tools.win32_11.8.0.202306131047/tools/bin/../lib/gcc/arm-none-eabi/12.2.1/thumb/v6-m/nofp\libcr_eabihelpers.a(thumb1_switch_helpers.o)
                0x000022f6                __gnu_thumb1_case_uhi
 .text.__sys_appexit
                0x00002306        0x2 c:/nxp/mcuxpressoide_11.8.0_1165/ide/plugins/com.nxp.mcuxpresso.tools.win32_11.8.0.202306131047/tools/bin/../lib/gcc/arm-none-eabi/12.2.1/../../../../arm-none-eabi/lib/thumb/v6-m/nofp\libcr_nohost_nf.a(__sys_appexit.o)
                0x00002306                __sys_appexit
                0x00002306                __exit
 .text.__sys_close
                0x00002308        0x6 c:/nxp/mcuxpressoide_11.8.0_1165/ide/plugins/com.nxp.mcuxpresso.tools.win32_11.8.0.202306131047/tools/bin/../lib/gcc/arm-none-eabi/12.2.1/../../../../arm-none-eabi/lib/thumb/v6-m/nofp\libcr_nohost_nf.a(__sys_close.o)
                0x00002308                __sys_close
 .text.__sys_flen
                0x0000230e        0x6 c:/nxp/mcuxpressoide_11.8.0_1165/ide/plugins/com.nxp.mcuxpresso.tools.win32_11.8.0.202306131047/tools/bin/../lib/gcc/arm-none-eabi/12.2.1/../../../../arm-none-eabi/lib/thumb/v6-m/nofp\libcr_nohost_nf.a(__sys_flen.o)
                0x0000230e                __sys_flen
 .text.__sys_istty
                0x00002314        0x6 c:/nxp/mcuxpressoide_11.8.0_1165/ide/plugins/com.nxp.mcuxpresso.tools.win32_11.8.0.202306131047/tools/bin/../lib/gcc/arm-none-eabi/12.2.1/../../../../arm-none-eabi/lib/thumb/v6-m/nofp\libcr_nohost_nf.a(__sys_istty.o)
                0x00002314                __sys_istty
 .text.__sys_remove
                0x0000231a        0x6 c:/nxp/mcuxpressoide_11.8.0_1165/ide/plugins/com.nxp.mcuxpresso.tools.win32_11.8.0.202306131047/tools/bin/../lib/gcc/arm-none-eabi/12.2.1/../../../../arm-none-eabi/lib/thumb/v6-m/nofp\libcr_nohost_nf.a(__sys_remove.o)
                0x0000231a                __sys_remove
 .text.__sys_seek
                0x00002320        0x6 c:/nxp/mcuxpressoide_11.8.0_1165/ide/plugins/com.nxp.mcuxpresso.tools.win32_11.8.0.202306131047/tools/bin/../lib/gcc/arm-none-eabi/12.2.1/../../../../arm-none-eabi/lib/thumb/v6-m/nofp\libcr_nohost_nf.a(__sys_seek.o)
                0x00002320                __sys_seek
 .text.__sys_tmpnam
                0x00002326        0x6 c:/nxp/mcuxpressoide_11.8.0_1165/ide/plugins/com.nxp.mcuxpresso.tools.win32_11.8.0.202306131047/tools/bin/../lib/gcc/arm-none-eabi/12.2.1/../../../../arm-none-eabi/lib/thumb/v6-m/nofp\libcr_nohost_nf.a(__sys_tmpnam.o)
                0x00002326                __sys_tmpnam
 *(.rodata .rodata.* .constdata .constdata.*)
 .rodata.main.str1.4
                0x0000232c       0x12 ./src/SPI_Master.o
 .rodata._initio.str1.1
                0x0000233e        0x4 c:/nxp/mcuxpressoide_11.8.0_1165/ide/plugins/com.nxp.mcuxpresso.tools.win32_11.8.0.202306131047/tools/bin/../lib/gcc/arm-none-eabi/12.2.1/../../../../arm-none-eabi/lib/thumb/v6-m/nofp\libcr_c.a(initio.o)
 .rodata.__vfprintf.str1.1
                0x00002342       0x37 c:/nxp/mcuxpressoide_11.8.0_1165/ide/plugins/com.nxp.mcuxpresso.tools.win32_11.8.0.202306131047/tools/bin/../lib/gcc/arm-none-eabi/12.2.1/../../../../arm-none-eabi/lib/thumb/v6-m/nofp\libcr_c.a(printf.o)
                                 0x38 (size before relaxing)
 .rodata._Csys_alloc.str1.1
                0x00002379       0x18 c:/nxp/mcuxpressoide_11.8.0_1165/ide/plugins/com.nxp.mcuxpresso.tools.win32_11.8.0.202306131047/tools/bin/../lib/gcc/arm-none-eabi/12.2.1/../../../../arm-none-eabi/lib/thumb/v6-m/nofp\libcr_c.a(alloc.o)
 *fill*         0x00002391        0x3 ff
 .rodata.__num_Ciob_streams
                0x00002394        0x4 c:/nxp/mcuxpressoide_11.8.0_1165/ide/plugins/com.nxp.mcuxpresso.tools.win32_11.8.0.202306131047/tools/bin/../lib/gcc/arm-none-eabi/12.2.1/../../../../arm-none-eabi/lib/thumb/v6-m/nofp\libcr_nohost_nf.a(__ciob.o)
                0x00002394                __num_Ciob_streams
                0x00002398                . = ALIGN (0x4)

.glue_7         0x00002398        0x0
 .glue_7        0x00002398        0x0 linker stubs

.glue_7t        0x00002398        0x0
 .glue_7t       0x00002398        0x0 linker stubs

.vfp11_veneer   0x00002398        0x0
 .vfp11_veneer  0x00002398        0x0 linker stubs

.v4_bx          0x00002398        0x0
 .v4_bx         0x00002398        0x0 linker stubs

.iplt           0x00002398        0x0
 .iplt          0x00002398        0x0 ./src/MCUXpresso_Retarget.o

.rel.dyn        0x00002398        0x0
 .rel.iplt      0x00002398        0x0 ./src/MCUXpresso_Retarget.o

.ARM.extab
 *(.ARM.extab* .gnu.linkonce.armextab.*)

.ARM.exidx      0x00002398        0x0
                0x00002398                __exidx_start = .
 *(.ARM.exidx* .gnu.linkonce.armexidx.*)
                0x00002398                __exidx_end = .
                0x00002398                _etext = .

.uninit_RESERVED
                0x10000000        0x0
                0x10000000                _start_uninit_RESERVED = .
 *(.bss.$RESERVED*)
                0x10000000                . = ALIGN (0x4)
                0x10000000                _end_uninit_RESERVED = .

.data           0x10000000       0x14 load address 0x00002398
 FILL mask 0xff
                0x10000000                _data = .
                [!provide]                PROVIDE (__start_data_RAM = .)
                [!provide]                PROVIDE (__start_data_RamLoc4 = .)
 *(vtable)
 *(.ramfunc*)
 *(CodeQuickAccess)
 *(DataQuickAccess)
 *(RamFunction)
 *(.data*)
 .data.main_clk
                0x10000000        0x4 ./src/system.o
                0x10000000                main_clk
 .data.lposc_clk
                0x10000004        0x4 ./src/system.o
                0x10000004                lposc_clk
 .data.fro_clk  0x10000008        0x4 ./src/system.o
                0x10000008                fro_clk
 .data.fro_div_clk
                0x1000000c        0x4 ./src/system.o
                0x1000000c                fro_div_clk
 .data.system_ahb_clk
                0x10000010        0x4 ./src/system.o
                0x10000010                system_ahb_clk
                0x10000014                . = ALIGN (0x4)
                0x10000014                _edata = .
                [!provide]                PROVIDE (__end_data_RAM = .)
                [!provide]                PROVIDE (__end_data_RamLoc4 = .)

.igot.plt       0x10000014        0x0 load address 0x000023ac
 .igot.plt      0x10000014        0x0 ./src/MCUXpresso_Retarget.o

.bss            0x10000014       0xc8
                0x10000014                _bss = .
                [!provide]                PROVIDE (__start_bss_RAM = .)
                [!provide]                PROVIDE (__start_bss_RamLoc4 = .)
 *(.bss*)
 .bss.SPI_RXCount
                0x10000014        0x4 C:\NXP\MCUXpressoIDE_11.8.0_1165\workspace\peripherals_lib\flash\libperipherals_lib.a(spi.o)
                0x10000014                SPI_RXCount
 .bss.SPI_TXCount
                0x10000018        0x4 C:\NXP\MCUXpressoIDE_11.8.0_1165\workspace\peripherals_lib\flash\libperipherals_lib.a(spi.o)
                0x10000018                SPI_TXCount
 .bss.__end_of_heap
                0x1000001c        0x4 c:/nxp/mcuxpressoide_11.8.0_1165/ide/plugins/com.nxp.mcuxpresso.tools.win32_11.8.0.202306131047/tools/bin/../lib/gcc/arm-none-eabi/12.2.1/../../../../arm-none-eabi/lib/thumb/v6-m/nofp\libcr_c.a(__init_alloc.o)
                0x1000001c                __end_of_heap
 .bss.__heaps   0x10000020        0x4 c:/nxp/mcuxpressoide_11.8.0_1165/ide/plugins/com.nxp.mcuxpresso.tools.win32_11.8.0.202306131047/tools/bin/../lib/gcc/arm-none-eabi/12.2.1/../../../../arm-none-eabi/lib/thumb/v6-m/nofp\libcr_c.a(__init_alloc.o)
                0x10000020                __heaps
 .bss.errno     0x10000024        0x4 c:/nxp/mcuxpressoide_11.8.0_1165/ide/plugins/com.nxp.mcuxpresso.tools.win32_11.8.0.202306131047/tools/bin/../lib/gcc/arm-none-eabi/12.2.1/../../../../arm-none-eabi/lib/thumb/v6-m/nofp\libcr_c.a(errno.o)
                0x10000024                errno
 .bss.__Ciob    0x10000028       0xb4 c:/nxp/mcuxpressoide_11.8.0_1165/ide/plugins/com.nxp.mcuxpresso.tools.win32_11.8.0.202306131047/tools/bin/../lib/gcc/arm-none-eabi/12.2.1/../../../../arm-none-eabi/lib/thumb/v6-m/nofp\libcr_nohost_nf.a(__ciob.o)
                0x10000028                __Ciob
 *(COMMON)
                0x100000dc                . = ALIGN (0x4)
                0x100000dc                _ebss = .
                [!provide]                PROVIDE (__end_bss_RAM = .)
                [!provide]                PROVIDE (__end_bss_RamLoc4 = .)
                [!provide]                PROVIDE (end = .)

.noinit         0x100000dc        0x0
                0x100000dc                _noinit = .
                [!provide]                PROVIDE (__start_noinit_RAM = .)
                [!provide]                PROVIDE (__start_noinit_RamLoc4 = .)
 *(.noinit*)
                0x100000dc                . = ALIGN (0x4)
                0x100000dc                _end_noinit = .
                [!provide]                PROVIDE (__end_noinit_RAM = .)
                [!provide]                PROVIDE (__end_noinit_RamLoc4 = .)
                0x100000dc                PROVIDE (_pvHeapStart = DEFINED (__user_heap_base)?__user_heap_base:.)
                0x10001000                PROVIDE (_vStackTop = DEFINED (__user_stack_top)?__user_stack_top:(__top_RamLoc4 - 0x0))
                0xefffeb11                PROVIDE (__valid_user_code_checksum = (0x0 - (((_vStackTop + (ResetISR + 0x1)) + (DEFINED (NMI_Handler)?NMI_Handler:M0_NMI_Handler + 0x1)) + (DEFINED (HardFault_Handler)?HardFault_Handler:M0_HardFault_Handler + 0x1))))
                0x00000000                _image_start = LOADADDR (.text)
                0x000023ac                _image_end = (LOADADDR (.data) + SIZEOF (.data))
                0x000023ac                _image_size = (_image_end - _image_start)
OUTPUT(SPI_ProjetC.axf elf32-littlearm)
LOAD linker stubs

.debug_info     0x00000000     0x31b2
 .debug_info    0x00000000       0xce ./src/MCUXpresso_Retarget.o
 .debug_info    0x000000ce      0x233 ./src/MCUXpresso_cr_startup.o
 .debug_info    0x00000301       0x41 ./src/MCUXpresso_crp.o
 .debug_info    0x00000342      0x83d ./src/SPI_Master.o
 .debug_info    0x00000b7f      0x6a5 ./src/Serial.o
 .debug_info    0x00001224      0xb33 ./src/lib_ENS_II1_lcd_v2.o
 .debug_info    0x00001d57      0x847 ./src/system.o
 .debug_info    0x0000259e      0x303 C:\NXP\MCUXpressoIDE_11.8.0_1165\workspace\peripherals_lib\flash\libperipherals_lib.a(i2c.o)
 .debug_info    0x000028a1      0x68e C:\NXP\MCUXpressoIDE_11.8.0_1165\workspace\peripherals_lib\flash\libperipherals_lib.a(spi.o)
 .debug_info    0x00002f2f      0x283 C:\NXP\MCUXpressoIDE_11.8.0_1165\workspace\peripherals_lib\flash\libperipherals_lib.a(swm.o)

.debug_abbrev   0x00000000      0xf1b
 .debug_abbrev  0x00000000       0xc9 ./src/MCUXpresso_Retarget.o
 .debug_abbrev  0x000000c9      0x152 ./src/MCUXpresso_cr_startup.o
 .debug_abbrev  0x0000021b       0x37 ./src/MCUXpresso_crp.o
 .debug_abbrev  0x00000252      0x2a4 ./src/SPI_Master.o
 .debug_abbrev  0x000004f6      0x1fb ./src/Serial.o
 .debug_abbrev  0x000006f1      0x22f ./src/lib_ENS_II1_lcd_v2.o
 .debug_abbrev  0x00000920      0x1bf ./src/system.o
 .debug_abbrev  0x00000adf      0x14a C:\NXP\MCUXpressoIDE_11.8.0_1165\workspace\peripherals_lib\flash\libperipherals_lib.a(i2c.o)
 .debug_abbrev  0x00000c29      0x1ab C:\NXP\MCUXpressoIDE_11.8.0_1165\workspace\peripherals_lib\flash\libperipherals_lib.a(spi.o)
 .debug_abbrev  0x00000dd4      0x147 C:\NXP\MCUXpressoIDE_11.8.0_1165\workspace\peripherals_lib\flash\libperipherals_lib.a(swm.o)

.debug_aranges  0x00000000      0x230
 .debug_aranges
                0x00000000       0x28 ./src/MCUXpresso_Retarget.o
 .debug_aranges
                0x00000028       0x60 ./src/MCUXpresso_cr_startup.o
 .debug_aranges
                0x00000088       0x18 ./src/MCUXpresso_crp.o
 .debug_aranges
                0x000000a0       0x48 ./src/SPI_Master.o
 .debug_aranges
                0x000000e8       0x40 ./src/Serial.o
 .debug_aranges
                0x00000128       0x40 ./src/lib_ENS_II1_lcd_v2.o
 .debug_aranges
                0x00000168       0x28 ./src/system.o
 .debug_aranges
                0x00000190       0x38 C:\NXP\MCUXpressoIDE_11.8.0_1165\workspace\peripherals_lib\flash\libperipherals_lib.a(i2c.o)
 .debug_aranges
                0x000001c8       0x38 C:\NXP\MCUXpressoIDE_11.8.0_1165\workspace\peripherals_lib\flash\libperipherals_lib.a(spi.o)
 .debug_aranges
                0x00000200       0x30 C:\NXP\MCUXpressoIDE_11.8.0_1165\workspace\peripherals_lib\flash\libperipherals_lib.a(swm.o)

.debug_rnglists
                0x00000000      0x171
 .debug_rnglists
                0x00000000       0x19 ./src/MCUXpresso_Retarget.o
 .debug_rnglists
                0x00000019       0x44 ./src/MCUXpresso_cr_startup.o
 .debug_rnglists
                0x0000005d       0x32 ./src/SPI_Master.o
 .debug_rnglists
                0x0000008f       0x2c ./src/Serial.o
 .debug_rnglists
                0x000000bb       0x2d ./src/lib_ENS_II1_lcd_v2.o
 .debug_rnglists
                0x000000e8       0x1b ./src/system.o
 .debug_rnglists
                0x00000103       0x26 C:\NXP\MCUXpressoIDE_11.8.0_1165\workspace\peripherals_lib\flash\libperipherals_lib.a(i2c.o)
 .debug_rnglists
                0x00000129       0x28 C:\NXP\MCUXpressoIDE_11.8.0_1165\workspace\peripherals_lib\flash\libperipherals_lib.a(spi.o)
 .debug_rnglists
                0x00000151       0x20 C:\NXP\MCUXpressoIDE_11.8.0_1165\workspace\peripherals_lib\flash\libperipherals_lib.a(swm.o)

.debug_macro    0x00000000     0x3784
 .debug_macro   0x00000000       0x11 ./src/MCUXpresso_Retarget.o
 .debug_macro   0x00000011      0xaa8 ./src/MCUXpresso_Retarget.o
 .debug_macro   0x00000ab9       0x1d ./src/MCUXpresso_cr_startup.o
 .debug_macro   0x00000ad6       0x1a ./src/MCUXpresso_crp.o
 .debug_macro   0x00000af0       0x34 ./src/MCUXpresso_crp.o
 .debug_macro   0x00000b24       0xe7 ./src/SPI_Master.o
 .debug_macro   0x00000c0b       0x10 ./src/SPI_Master.o
 .debug_macro   0x00000c1b      0x12e ./src/SPI_Master.o
 .debug_macro   0x00000d49       0xd8 ./src/SPI_Master.o
 .debug_macro   0x00000e21       0x28 ./src/SPI_Master.o
 .debug_macro   0x00000e49       0x3a ./src/SPI_Master.o
 .debug_macro   0x00000e83      0x5b3 ./src/SPI_Master.o
 .debug_macro   0x00001436      0x241 ./src/SPI_Master.o
 .debug_macro   0x00001677      0x1a8 ./src/SPI_Master.o
 .debug_macro   0x0000181f      0x142 ./src/SPI_Master.o
 .debug_macro   0x00001961      0x1dd ./src/SPI_Master.o
 .debug_macro   0x00001b3e      0x3a2 ./src/SPI_Master.o
 .debug_macro   0x00001ee0       0x40 ./src/SPI_Master.o
 .debug_macro   0x00001f20       0x1c ./src/SPI_Master.o
 .debug_macro   0x00001f3c      0x2de ./src/SPI_Master.o
 .debug_macro   0x0000221a       0xa3 ./src/Serial.o
 .debug_macro   0x000022bd       0xe2 ./src/Serial.o
 .debug_macro   0x0000239f       0x76 ./src/Serial.o
 .debug_macro   0x00002415       0xc5 ./src/lib_ENS_II1_lcd_v2.o
 .debug_macro   0x000024da       0x4c ./src/lib_ENS_II1_lcd_v2.o
 .debug_macro   0x00002526       0x22 ./src/lib_ENS_II1_lcd_v2.o
 .debug_macro   0x00002548      0x39c ./src/lib_ENS_II1_lcd_v2.o
 .debug_macro   0x000028e4       0xe8 ./src/lib_ENS_II1_lcd_v2.o
 .debug_macro   0x000029cc       0xfd ./src/system.o
 .debug_macro   0x00002ac9       0x5e ./src/system.o
 .debug_macro   0x00002b27       0x9b C:\NXP\MCUXpressoIDE_11.8.0_1165\workspace\peripherals_lib\flash\libperipherals_lib.a(i2c.o)
 .debug_macro   0x00002bc2      0xaa2 C:\NXP\MCUXpressoIDE_11.8.0_1165\workspace\peripherals_lib\flash\libperipherals_lib.a(i2c.o)
 .debug_macro   0x00003664       0x9b C:\NXP\MCUXpressoIDE_11.8.0_1165\workspace\peripherals_lib\flash\libperipherals_lib.a(spi.o)
 .debug_macro   0x000036ff       0x85 C:\NXP\MCUXpressoIDE_11.8.0_1165\workspace\peripherals_lib\flash\libperipherals_lib.a(swm.o)

.debug_line     0x00000000     0x21d9
 .debug_line    0x00000000       0x8d ./src/MCUXpresso_Retarget.o
 .debug_line    0x0000008d      0x13c ./src/MCUXpresso_cr_startup.o
 .debug_line    0x000001c9       0xbc ./src/MCUXpresso_crp.o
 .debug_line    0x00000285      0x439 ./src/SPI_Master.o
 .debug_line    0x000006be      0x40b ./src/Serial.o
 .debug_line    0x00000ac9      0x677 ./src/lib_ENS_II1_lcd_v2.o
 .debug_line    0x00001140      0x40c ./src/system.o
 .debug_line    0x0000154c      0x49d C:\NXP\MCUXpressoIDE_11.8.0_1165\workspace\peripherals_lib\flash\libperipherals_lib.a(i2c.o)
 .debug_line    0x000019e9      0x518 C:\NXP\MCUXpressoIDE_11.8.0_1165\workspace\peripherals_lib\flash\libperipherals_lib.a(spi.o)
 .debug_line    0x00001f01      0x2d8 C:\NXP\MCUXpressoIDE_11.8.0_1165\workspace\peripherals_lib\flash\libperipherals_lib.a(swm.o)

.debug_str      0x00000000     0x92fe
 .debug_str     0x00000000     0x2dc6 ./src/MCUXpresso_Retarget.o
                               0x2dcb (size before relaxing)
 .debug_str     0x00002dc6      0x1b3 ./src/MCUXpresso_cr_startup.o
                               0x2f23 (size before relaxing)
 .debug_str     0x00002f79       0xf4 ./src/MCUXpresso_crp.o
                               0x2e5e (size before relaxing)
 .debug_str     0x0000306d     0x5026 ./src/SPI_Master.o
                               0x7e3c (size before relaxing)
 .debug_str     0x00008093      0x4df ./src/Serial.o
                               0x7057 (size before relaxing)
 .debug_str     0x00008572      0x7b9 ./src/lib_ENS_II1_lcd_v2.o
                               0x75a0 (size before relaxing)
 .debug_str     0x00008d2b      0x3a0 ./src/system.o
                               0x7206 (size before relaxing)
 .debug_str     0x000090cb       0xb9 C:\NXP\MCUXpressoIDE_11.8.0_1165\workspace\peripherals_lib\flash\libperipherals_lib.a(i2c.o)
                               0x6771 (size before relaxing)
 .debug_str     0x00009184      0x126 C:\NXP\MCUXpressoIDE_11.8.0_1165\workspace\peripherals_lib\flash\libperipherals_lib.a(spi.o)
                               0x6a1c (size before relaxing)
 .debug_str     0x000092aa       0x54 C:\NXP\MCUXpressoIDE_11.8.0_1165\workspace\peripherals_lib\flash\libperipherals_lib.a(swm.o)
                               0x632b (size before relaxing)

.comment        0x00000000       0x45
 .comment       0x00000000       0x45 ./src/MCUXpresso_Retarget.o
                                 0x46 (size before relaxing)
 .comment       0x00000045       0x46 ./src/MCUXpresso_cr_startup.o
 .comment       0x00000045       0x46 ./src/MCUXpresso_crp.o
 .comment       0x00000045       0x46 ./src/SPI_Master.o
 .comment       0x00000045       0x46 ./src/Serial.o
 .comment       0x00000045       0x46 ./src/lib_ENS_II1_lcd_v2.o
 .comment       0x00000045       0x46 ./src/system.o
 .comment       0x00000045       0x46 C:\NXP\MCUXpressoIDE_11.8.0_1165\workspace\peripherals_lib\flash\libperipherals_lib.a(i2c.o)
 .comment       0x00000045       0x46 C:\NXP\MCUXpressoIDE_11.8.0_1165\workspace\peripherals_lib\flash\libperipherals_lib.a(spi.o)
 .comment       0x00000045       0x46 C:\NXP\MCUXpressoIDE_11.8.0_1165\workspace\peripherals_lib\flash\libperipherals_lib.a(swm.o)
 .comment       0x00000045       0x46 c:/nxp/mcuxpressoide_11.8.0_1165/ide/plugins/com.nxp.mcuxpresso.tools.win32_11.8.0.202306131047/tools/bin/../lib/gcc/arm-none-eabi/12.2.1/../../../../arm-none-eabi/lib/thumb/v6-m/nofp\libcr_nohost_nf.a(_cr__main.o)
 .comment       0x00000045       0x46 c:/nxp/mcuxpressoide_11.8.0_1165/ide/plugins/com.nxp.mcuxpresso.tools.win32_11.8.0.202306131047/tools/bin/../lib/gcc/arm-none-eabi/12.2.1/../../../../arm-none-eabi/lib/thumb/v6-m/nofp\libcr_c.a(initio.o)
 .comment       0x00000045       0x46 c:/nxp/mcuxpressoide_11.8.0_1165/ide/plugins/com.nxp.mcuxpresso.tools.win32_11.8.0.202306131047/tools/bin/../lib/gcc/arm-none-eabi/12.2.1/../../../../arm-none-eabi/lib/thumb/v6-m/nofp\libcr_c.a(printf.o)
 .comment       0x00000045       0x46 c:/nxp/mcuxpressoide_11.8.0_1165/ide/plugins/com.nxp.mcuxpresso.tools.win32_11.8.0.202306131047/tools/bin/../lib/gcc/arm-none-eabi/12.2.1/../../../../arm-none-eabi/lib/thumb/v6-m/nofp\libcr_c.a(setvbuf.o)
 .comment       0x00000045       0x46 c:/nxp/mcuxpressoide_11.8.0_1165/ide/plugins/com.nxp.mcuxpresso.tools.win32_11.8.0.202306131047/tools/bin/../lib/gcc/arm-none-eabi/12.2.1/../../../../arm-none-eabi/lib/thumb/v6-m/nofp\libcr_c.a(strlen.o)
 .comment       0x00000045       0x46 c:/nxp/mcuxpressoide_11.8.0_1165/ide/plugins/com.nxp.mcuxpresso.tools.win32_11.8.0.202306131047/tools/bin/../lib/gcc/arm-none-eabi/12.2.1/../../../../arm-none-eabi/lib/thumb/v6-m/nofp\libcr_c.a(memset.o)
 .comment       0x00000045       0x46 c:/nxp/mcuxpressoide_11.8.0_1165/ide/plugins/com.nxp.mcuxpresso.tools.win32_11.8.0.202306131047/tools/bin/../lib/gcc/arm-none-eabi/12.2.1/../../../../arm-none-eabi/lib/thumb/v6-m/nofp\libcr_c.a(_deferredlazyseek.o)
 .comment       0x00000045       0x46 c:/nxp/mcuxpressoide_11.8.0_1165/ide/plugins/com.nxp.mcuxpresso.tools.win32_11.8.0.202306131047/tools/bin/../lib/gcc/arm-none-eabi/12.2.1/../../../../arm-none-eabi/lib/thumb/v6-m/nofp\libcr_c.a(_fdopen.o)
 .comment       0x00000045       0x46 c:/nxp/mcuxpressoide_11.8.0_1165/ide/plugins/com.nxp.mcuxpresso.tools.win32_11.8.0.202306131047/tools/bin/../lib/gcc/arm-none-eabi/12.2.1/../../../../arm-none-eabi/lib/thumb/v6-m/nofp\libcr_c.a(_fflush.o)
 .comment       0x00000045       0x46 c:/nxp/mcuxpressoide_11.8.0_1165/ide/plugins/com.nxp.mcuxpresso.tools.win32_11.8.0.202306131047/tools/bin/../lib/gcc/arm-none-eabi/12.2.1/../../../../arm-none-eabi/lib/thumb/v6-m/nofp\libcr_c.a(_writebuf.o)
 .comment       0x00000045       0x46 c:/nxp/mcuxpressoide_11.8.0_1165/ide/plugins/com.nxp.mcuxpresso.tools.win32_11.8.0.202306131047/tools/bin/../lib/gcc/arm-none-eabi/12.2.1/../../../../arm-none-eabi/lib/thumb/v6-m/nofp\libcr_c.a(alloc.o)
 .comment       0x00000045       0x46 c:/nxp/mcuxpressoide_11.8.0_1165/ide/plugins/com.nxp.mcuxpresso.tools.win32_11.8.0.202306131047/tools/bin/../lib/gcc/arm-none-eabi/12.2.1/../../../../arm-none-eabi/lib/thumb/v6-m/nofp\libcr_c.a(fclose.o)
 .comment       0x00000045       0x46 c:/nxp/mcuxpressoide_11.8.0_1165/ide/plugins/com.nxp.mcuxpresso.tools.win32_11.8.0.202306131047/tools/bin/../lib/gcc/arm-none-eabi/12.2.1/../../../../arm-none-eabi/lib/thumb/v6-m/nofp\libcr_c.a(fflush.o)
 .comment       0x00000045       0x46 c:/nxp/mcuxpressoide_11.8.0_1165/ide/plugins/com.nxp.mcuxpresso.tools.win32_11.8.0.202306131047/tools/bin/../lib/gcc/arm-none-eabi/12.2.1/../../../../arm-none-eabi/lib/thumb/v6-m/nofp\libcr_c.a(fseek.o)
 .comment       0x00000045       0x46 c:/nxp/mcuxpressoide_11.8.0_1165/ide/plugins/com.nxp.mcuxpresso.tools.win32_11.8.0.202306131047/tools/bin/../lib/gcc/arm-none-eabi/12.2.1/../../../../arm-none-eabi/lib/thumb/v6-m/nofp\libcr_c.a(ftell.o)
 .comment       0x00000045       0x46 c:/nxp/mcuxpressoide_11.8.0_1165/ide/plugins/com.nxp.mcuxpresso.tools.win32_11.8.0.202306131047/tools/bin/../lib/gcc/arm-none-eabi/12.2.1/../../../../arm-none-eabi/lib/thumb/v6-m/nofp\libcr_c.a(remove.o)
 .comment       0x00000045       0x46 c:/nxp/mcuxpressoide_11.8.0_1165/ide/plugins/com.nxp.mcuxpresso.tools.win32_11.8.0.202306131047/tools/bin/../lib/gcc/arm-none-eabi/12.2.1/../../../../arm-none-eabi/lib/thumb/v6-m/nofp\libcr_c.a(__init_alloc.o)
 .comment       0x00000045       0x46 c:/nxp/mcuxpressoide_11.8.0_1165/ide/plugins/com.nxp.mcuxpresso.tools.win32_11.8.0.202306131047/tools/bin/../lib/gcc/arm-none-eabi/12.2.1/../../../../arm-none-eabi/lib/thumb/v6-m/nofp\libcr_c.a(_cr_sbrk.o)
 .comment       0x00000045       0x46 c:/nxp/mcuxpressoide_11.8.0_1165/ide/plugins/com.nxp.mcuxpresso.tools.win32_11.8.0.202306131047/tools/bin/../lib/gcc/arm-none-eabi/12.2.1/../../../../arm-none-eabi/lib/thumb/v6-m/nofp\libcr_c.a(_do_fflush.o)
 .comment       0x00000045       0x46 c:/nxp/mcuxpressoide_11.8.0_1165/ide/plugins/com.nxp.mcuxpresso.tools.win32_11.8.0.202306131047/tools/bin/../lib/gcc/arm-none-eabi/12.2.1/../../../../arm-none-eabi/lib/thumb/v6-m/nofp\libcr_c.a(errno.o)
 .comment       0x00000045       0x46 c:/nxp/mcuxpressoide_11.8.0_1165/ide/plugins/com.nxp.mcuxpresso.tools.win32_11.8.0.202306131047/tools/bin/../lib/gcc/arm-none-eabi/12.2.1/../../../../arm-none-eabi/lib/thumb/v6-m/nofp\libcr_c.a(_cr_check_heap.o)
 .comment       0x00000045       0x46 c:/nxp/mcuxpressoide_11.8.0_1165/ide/plugins/com.nxp.mcuxpresso.tools.win32_11.8.0.202306131047/tools/bin/../lib/gcc/arm-none-eabi/12.2.1/../../../../arm-none-eabi/lib/thumb/v6-m/nofp\libcr_nohost_nf.a(__ciob.o)
 .comment       0x00000045       0x46 c:/nxp/mcuxpressoide_11.8.0_1165/ide/plugins/com.nxp.mcuxpresso.tools.win32_11.8.0.202306131047/tools/bin/../lib/gcc/arm-none-eabi/12.2.1/../../../../arm-none-eabi/lib/thumb/v6-m/nofp\libcr_nohost_nf.a(__sys_appexit.o)
 .comment       0x00000045       0x46 c:/nxp/mcuxpressoide_11.8.0_1165/ide/plugins/com.nxp.mcuxpresso.tools.win32_11.8.0.202306131047/tools/bin/../lib/gcc/arm-none-eabi/12.2.1/../../../../arm-none-eabi/lib/thumb/v6-m/nofp\libcr_nohost_nf.a(__sys_close.o)
 .comment       0x00000045       0x46 c:/nxp/mcuxpressoide_11.8.0_1165/ide/plugins/com.nxp.mcuxpresso.tools.win32_11.8.0.202306131047/tools/bin/../lib/gcc/arm-none-eabi/12.2.1/../../../../arm-none-eabi/lib/thumb/v6-m/nofp\libcr_nohost_nf.a(__sys_flen.o)
 .comment       0x00000045       0x46 c:/nxp/mcuxpressoide_11.8.0_1165/ide/plugins/com.nxp.mcuxpresso.tools.win32_11.8.0.202306131047/tools/bin/../lib/gcc/arm-none-eabi/12.2.1/../../../../arm-none-eabi/lib/thumb/v6-m/nofp\libcr_nohost_nf.a(__sys_istty.o)
 .comment       0x00000045       0x46 c:/nxp/mcuxpressoide_11.8.0_1165/ide/plugins/com.nxp.mcuxpresso.tools.win32_11.8.0.202306131047/tools/bin/../lib/gcc/arm-none-eabi/12.2.1/../../../../arm-none-eabi/lib/thumb/v6-m/nofp\libcr_nohost_nf.a(__sys_remove.o)
 .comment       0x00000045       0x46 c:/nxp/mcuxpressoide_11.8.0_1165/ide/plugins/com.nxp.mcuxpresso.tools.win32_11.8.0.202306131047/tools/bin/../lib/gcc/arm-none-eabi/12.2.1/../../../../arm-none-eabi/lib/thumb/v6-m/nofp\libcr_nohost_nf.a(__sys_seek.o)
 .comment       0x00000045       0x46 c:/nxp/mcuxpressoide_11.8.0_1165/ide/plugins/com.nxp.mcuxpresso.tools.win32_11.8.0.202306131047/tools/bin/../lib/gcc/arm-none-eabi/12.2.1/../../../../arm-none-eabi/lib/thumb/v6-m/nofp\libcr_nohost_nf.a(__sys_tmpnam.o)

.ARM.attributes
                0x00000000       0x2a
 .ARM.attributes
                0x00000000       0x2c ./src/MCUXpresso_Retarget.o
 .ARM.attributes
                0x0000002c       0x2c ./src/MCUXpresso_cr_startup.o
 .ARM.attributes
                0x00000058       0x2c ./src/MCUXpresso_crp.o
 .ARM.attributes
                0x00000084       0x2c ./src/SPI_Master.o
 .ARM.attributes
                0x000000b0       0x2c ./src/Serial.o
 .ARM.attributes
                0x000000dc       0x2c ./src/lib_ENS_II1_lcd_v2.o
 .ARM.attributes
                0x00000108       0x2c ./src/system.o
 .ARM.attributes
                0x00000134       0x2c C:\NXP\MCUXpressoIDE_11.8.0_1165\workspace\peripherals_lib\flash\libperipherals_lib.a(i2c.o)
 .ARM.attributes
                0x00000160       0x2c C:\NXP\MCUXpressoIDE_11.8.0_1165\workspace\peripherals_lib\flash\libperipherals_lib.a(spi.o)
 .ARM.attributes
                0x0000018c       0x2c C:\NXP\MCUXpressoIDE_11.8.0_1165\workspace\peripherals_lib\flash\libperipherals_lib.a(swm.o)
 .ARM.attributes
                0x000001b8       0x2c c:/nxp/mcuxpressoide_11.8.0_1165/ide/plugins/com.nxp.mcuxpresso.tools.win32_11.8.0.202306131047/tools/bin/../lib/gcc/arm-none-eabi/12.2.1/../../../../arm-none-eabi/lib/thumb/v6-m/nofp\libcr_nohost_nf.a(_cr__main.o)
 .ARM.attributes
                0x000001e4       0x2c c:/nxp/mcuxpressoide_11.8.0_1165/ide/plugins/com.nxp.mcuxpresso.tools.win32_11.8.0.202306131047/tools/bin/../lib/gcc/arm-none-eabi/12.2.1/../../../../arm-none-eabi/lib/thumb/v6-m/nofp\libcr_c.a(initio.o)
 .ARM.attributes
                0x00000210       0x2c c:/nxp/mcuxpressoide_11.8.0_1165/ide/plugins/com.nxp.mcuxpresso.tools.win32_11.8.0.202306131047/tools/bin/../lib/gcc/arm-none-eabi/12.2.1/../../../../arm-none-eabi/lib/thumb/v6-m/nofp\libcr_c.a(printf.o)
 .ARM.attributes
                0x0000023c       0x2c c:/nxp/mcuxpressoide_11.8.0_1165/ide/plugins/com.nxp.mcuxpresso.tools.win32_11.8.0.202306131047/tools/bin/../lib/gcc/arm-none-eabi/12.2.1/../../../../arm-none-eabi/lib/thumb/v6-m/nofp\libcr_c.a(setvbuf.o)
 .ARM.attributes
                0x00000268       0x2c c:/nxp/mcuxpressoide_11.8.0_1165/ide/plugins/com.nxp.mcuxpresso.tools.win32_11.8.0.202306131047/tools/bin/../lib/gcc/arm-none-eabi/12.2.1/../../../../arm-none-eabi/lib/thumb/v6-m/nofp\libcr_c.a(strlen.o)
 .ARM.attributes
                0x00000294       0x2c c:/nxp/mcuxpressoide_11.8.0_1165/ide/plugins/com.nxp.mcuxpresso.tools.win32_11.8.0.202306131047/tools/bin/../lib/gcc/arm-none-eabi/12.2.1/../../../../arm-none-eabi/lib/thumb/v6-m/nofp\libcr_c.a(memset.o)
 .ARM.attributes
                0x000002c0       0x2c c:/nxp/mcuxpressoide_11.8.0_1165/ide/plugins/com.nxp.mcuxpresso.tools.win32_11.8.0.202306131047/tools/bin/../lib/gcc/arm-none-eabi/12.2.1/../../../../arm-none-eabi/lib/thumb/v6-m/nofp\libcr_c.a(_deferredlazyseek.o)
 .ARM.attributes
                0x000002ec       0x2c c:/nxp/mcuxpressoide_11.8.0_1165/ide/plugins/com.nxp.mcuxpresso.tools.win32_11.8.0.202306131047/tools/bin/../lib/gcc/arm-none-eabi/12.2.1/../../../../arm-none-eabi/lib/thumb/v6-m/nofp\libcr_c.a(_fdopen.o)
 .ARM.attributes
                0x00000318       0x2c c:/nxp/mcuxpressoide_11.8.0_1165/ide/plugins/com.nxp.mcuxpresso.tools.win32_11.8.0.202306131047/tools/bin/../lib/gcc/arm-none-eabi/12.2.1/../../../../arm-none-eabi/lib/thumb/v6-m/nofp\libcr_c.a(_fflush.o)
 .ARM.attributes
                0x00000344       0x2c c:/nxp/mcuxpressoide_11.8.0_1165/ide/plugins/com.nxp.mcuxpresso.tools.win32_11.8.0.202306131047/tools/bin/../lib/gcc/arm-none-eabi/12.2.1/../../../../arm-none-eabi/lib/thumb/v6-m/nofp\libcr_c.a(_writebuf.o)
 .ARM.attributes
                0x00000370       0x2c c:/nxp/mcuxpressoide_11.8.0_1165/ide/plugins/com.nxp.mcuxpresso.tools.win32_11.8.0.202306131047/tools/bin/../lib/gcc/arm-none-eabi/12.2.1/../../../../arm-none-eabi/lib/thumb/v6-m/nofp\libcr_c.a(alloc.o)
 .ARM.attributes
                0x0000039c       0x2c c:/nxp/mcuxpressoide_11.8.0_1165/ide/plugins/com.nxp.mcuxpresso.tools.win32_11.8.0.202306131047/tools/bin/../lib/gcc/arm-none-eabi/12.2.1/../../../../arm-none-eabi/lib/thumb/v6-m/nofp\libcr_c.a(fclose.o)
 .ARM.attributes
                0x000003c8       0x2c c:/nxp/mcuxpressoide_11.8.0_1165/ide/plugins/com.nxp.mcuxpresso.tools.win32_11.8.0.202306131047/tools/bin/../lib/gcc/arm-none-eabi/12.2.1/../../../../arm-none-eabi/lib/thumb/v6-m/nofp\libcr_c.a(fflush.o)
 .ARM.attributes
                0x000003f4       0x2c c:/nxp/mcuxpressoide_11.8.0_1165/ide/plugins/com.nxp.mcuxpresso.tools.win32_11.8.0.202306131047/tools/bin/../lib/gcc/arm-none-eabi/12.2.1/../../../../arm-none-eabi/lib/thumb/v6-m/nofp\libcr_c.a(fseek.o)
 .ARM.attributes
                0x00000420       0x2c c:/nxp/mcuxpressoide_11.8.0_1165/ide/plugins/com.nxp.mcuxpresso.tools.win32_11.8.0.202306131047/tools/bin/../lib/gcc/arm-none-eabi/12.2.1/../../../../arm-none-eabi/lib/thumb/v6-m/nofp\libcr_c.a(ftell.o)
 .ARM.attributes
                0x0000044c       0x2c c:/nxp/mcuxpressoide_11.8.0_1165/ide/plugins/com.nxp.mcuxpresso.tools.win32_11.8.0.202306131047/tools/bin/../lib/gcc/arm-none-eabi/12.2.1/../../../../arm-none-eabi/lib/thumb/v6-m/nofp\libcr_c.a(remove.o)
 .ARM.attributes
                0x00000478       0x2c c:/nxp/mcuxpressoide_11.8.0_1165/ide/plugins/com.nxp.mcuxpresso.tools.win32_11.8.0.202306131047/tools/bin/../lib/gcc/arm-none-eabi/12.2.1/../../../../arm-none-eabi/lib/thumb/v6-m/nofp\libcr_c.a(__init_alloc.o)
 .ARM.attributes
                0x000004a4       0x2c c:/nxp/mcuxpressoide_11.8.0_1165/ide/plugins/com.nxp.mcuxpresso.tools.win32_11.8.0.202306131047/tools/bin/../lib/gcc/arm-none-eabi/12.2.1/../../../../arm-none-eabi/lib/thumb/v6-m/nofp\libcr_c.a(_cr_sbrk.o)
 .ARM.attributes
                0x000004d0       0x2c c:/nxp/mcuxpressoide_11.8.0_1165/ide/plugins/com.nxp.mcuxpresso.tools.win32_11.8.0.202306131047/tools/bin/../lib/gcc/arm-none-eabi/12.2.1/../../../../arm-none-eabi/lib/thumb/v6-m/nofp\libcr_c.a(_do_fflush.o)
 .ARM.attributes
                0x000004fc       0x2c c:/nxp/mcuxpressoide_11.8.0_1165/ide/plugins/com.nxp.mcuxpresso.tools.win32_11.8.0.202306131047/tools/bin/../lib/gcc/arm-none-eabi/12.2.1/../../../../arm-none-eabi/lib/thumb/v6-m/nofp\libcr_c.a(errno.o)
 .ARM.attributes
                0x00000528       0x2c c:/nxp/mcuxpressoide_11.8.0_1165/ide/plugins/com.nxp.mcuxpresso.tools.win32_11.8.0.202306131047/tools/bin/../lib/gcc/arm-none-eabi/12.2.1/../../../../arm-none-eabi/lib/thumb/v6-m/nofp\libcr_c.a(_cr_check_heap.o)
 .ARM.attributes
                0x00000554       0x1c c:/nxp/mcuxpressoide_11.8.0_1165/ide/plugins/com.nxp.mcuxpresso.tools.win32_11.8.0.202306131047/tools/bin/../lib/gcc/arm-none-eabi/12.2.1/thumb/v6-m/nofp\libcr_eabihelpers.a(division_32.o)
 .ARM.attributes
                0x00000570       0x1c c:/nxp/mcuxpressoide_11.8.0_1165/ide/plugins/com.nxp.mcuxpresso.tools.win32_11.8.0.202306131047/tools/bin/../lib/gcc/arm-none-eabi/12.2.1/thumb/v6-m/nofp\libcr_eabihelpers.a(division_idiv0.o)
 .ARM.attributes
                0x0000058c       0x1c c:/nxp/mcuxpressoide_11.8.0_1165/ide/plugins/com.nxp.mcuxpresso.tools.win32_11.8.0.202306131047/tools/bin/../lib/gcc/arm-none-eabi/12.2.1/thumb/v6-m/nofp\libcr_eabihelpers.a(llong.o)
 .ARM.attributes
                0x000005a8       0x1c c:/nxp/mcuxpressoide_11.8.0_1165/ide/plugins/com.nxp.mcuxpresso.tools.win32_11.8.0.202306131047/tools/bin/../lib/gcc/arm-none-eabi/12.2.1/thumb/v6-m/nofp\libcr_eabihelpers.a(memcpy.o)
 .ARM.attributes
                0x000005c4       0x1c c:/nxp/mcuxpressoide_11.8.0_1165/ide/plugins/com.nxp.mcuxpresso.tools.win32_11.8.0.202306131047/tools/bin/../lib/gcc/arm-none-eabi/12.2.1/thumb/v6-m/nofp\libcr_eabihelpers.a(thumb1_switch_helpers.o)
 .ARM.attributes
                0x000005e0       0x2c c:/nxp/mcuxpressoide_11.8.0_1165/ide/plugins/com.nxp.mcuxpresso.tools.win32_11.8.0.202306131047/tools/bin/../lib/gcc/arm-none-eabi/12.2.1/../../../../arm-none-eabi/lib/thumb/v6-m/nofp\libcr_nohost_nf.a(__ciob.o)
 .ARM.attributes
                0x0000060c       0x2c c:/nxp/mcuxpressoide_11.8.0_1165/ide/plugins/com.nxp.mcuxpresso.tools.win32_11.8.0.202306131047/tools/bin/../lib/gcc/arm-none-eabi/12.2.1/../../../../arm-none-eabi/lib/thumb/v6-m/nofp\libcr_nohost_nf.a(__sys_appexit.o)
 .ARM.attributes
                0x00000638       0x2c c:/nxp/mcuxpressoide_11.8.0_1165/ide/plugins/com.nxp.mcuxpresso.tools.win32_11.8.0.202306131047/tools/bin/../lib/gcc/arm-none-eabi/12.2.1/../../../../arm-none-eabi/lib/thumb/v6-m/nofp\libcr_nohost_nf.a(__sys_close.o)
 .ARM.attributes
                0x00000664       0x2c c:/nxp/mcuxpressoide_11.8.0_1165/ide/plugins/com.nxp.mcuxpresso.tools.win32_11.8.0.202306131047/tools/bin/../lib/gcc/arm-none-eabi/12.2.1/../../../../arm-none-eabi/lib/thumb/v6-m/nofp\libcr_nohost_nf.a(__sys_flen.o)
 .ARM.attributes
                0x00000690       0x2c c:/nxp/mcuxpressoide_11.8.0_1165/ide/plugins/com.nxp.mcuxpresso.tools.win32_11.8.0.202306131047/tools/bin/../lib/gcc/arm-none-eabi/12.2.1/../../../../arm-none-eabi/lib/thumb/v6-m/nofp\libcr_nohost_nf.a(__sys_istty.o)
 .ARM.attributes
                0x000006bc       0x2c c:/nxp/mcuxpressoide_11.8.0_1165/ide/plugins/com.nxp.mcuxpresso.tools.win32_11.8.0.202306131047/tools/bin/../lib/gcc/arm-none-eabi/12.2.1/../../../../arm-none-eabi/lib/thumb/v6-m/nofp\libcr_nohost_nf.a(__sys_remove.o)
 .ARM.attributes
                0x000006e8       0x2c c:/nxp/mcuxpressoide_11.8.0_1165/ide/plugins/com.nxp.mcuxpresso.tools.win32_11.8.0.202306131047/tools/bin/../lib/gcc/arm-none-eabi/12.2.1/../../../../arm-none-eabi/lib/thumb/v6-m/nofp\libcr_nohost_nf.a(__sys_seek.o)
 .ARM.attributes
                0x00000714       0x2c c:/nxp/mcuxpressoide_11.8.0_1165/ide/plugins/com.nxp.mcuxpresso.tools.win32_11.8.0.202306131047/tools/bin/../lib/gcc/arm-none-eabi/12.2.1/../../../../arm-none-eabi/lib/thumb/v6-m/nofp\libcr_nohost_nf.a(__sys_tmpnam.o)

.debug_frame    0x00000000      0x560
 .debug_frame   0x00000000       0x4c ./src/MCUXpresso_Retarget.o
 .debug_frame   0x0000004c      0x118 ./src/MCUXpresso_cr_startup.o
 .debug_frame   0x00000164       0xc8 ./src/SPI_Master.o
 .debug_frame   0x0000022c       0xa4 ./src/Serial.o
 .debug_frame   0x000002d0       0xb0 ./src/lib_ENS_II1_lcd_v2.o
 .debug_frame   0x00000380       0x50 ./src/system.o
 .debug_frame   0x000003d0       0x90 C:\NXP\MCUXpressoIDE_11.8.0_1165\workspace\peripherals_lib\flash\libperipherals_lib.a(i2c.o)
 .debug_frame   0x00000460       0x90 C:\NXP\MCUXpressoIDE_11.8.0_1165\workspace\peripherals_lib\flash\libperipherals_lib.a(spi.o)
 .debug_frame   0x000004f0       0x70 C:\NXP\MCUXpressoIDE_11.8.0_1165\workspace\peripherals_lib\flash\libperipherals_lib.a(swm.o)
