../src/MFRC522v2.c:88:6:PCD_SetRegisterBitMask	32	static
../src/MFRC522v2.c:99:6:PCD_ClearRegisterBitMask	32	static
../src/MFRC522v2.c:113:15:PCD_CalculateCRC	40	static
../src/MFRC522v2.c:148:5:PCD_Init	8	static
../src/MFRC522v2.c:182:6:PCD_Reset	16	static
../src/MFRC522v2.c:199:6:PCD_AntennaOn	24	static
../src/MFRC522v2.c:209:6:PCD_AntennaOff	8	static
../src/MFRC522v2.c:220:9:PCD_GetAntennaGain	8	static
../src/MFRC522v2.c:229:6:PCD_SetAntennaGain	16	static
../src/MFRC522v2.c:240:15:PCD_GetVersion	24	static
../src/MFRC522v2.c:271:5:PCD_PerformSelfTest	120	static
../src/MFRC522v2.c:371:6:PCD_SoftPowerDown	24	static
../src/MFRC522v2.c:380:6:PCD_SoftPowerUp	32	static
../src/MFRC522v2.c:406:15:PCD_TransceiveData	56	static
../src/MFRC522v2.c:424:15:PCD_CommunicateWithPICC	40	static
../src/MFRC522v2.c:529:15:PICC_RequestA	16	static
../src/MFRC522v2.c:541:15:PICC_WakeupA	16	static
../src/MFRC522v2.c:553:15:PICC_REQA_or_WUPA	64	static
../src/MFRC522v2.c:592:15:PICC_Select	96	static
../src/MFRC522v2.c:804:15:PICC_HaltA	40	static
../src/MFRC522v2.c:848:15:PCD_Authenticate	72	static
../src/MFRC522v2.c:878:6:PCD_StopCrypto1	8	static
../src/MFRC522v2.c:899:15:MIFARE_Read	56	static
../src/MFRC522v2.c:934:15:MIFARE_Write	32	static
../src/MFRC522v2.c:969:15:MIFARE_Ultralight_Write	40	static
../src/MFRC522v2.c:1002:15:MIFARE_Decrement	16	static
../src/MFRC522v2.c:1016:15:MIFARE_Increment	16	static
../src/MFRC522v2.c:1030:15:MIFARE_Restore	16	static
../src/MFRC522v2.c:1042:15:MIFARE_TwoStepHelper	32	static
../src/MFRC522v2.c:1073:15:MIFARE_Transfer	32	static
../src/MFRC522v2.c:1099:15:MIFARE_GetValue	56	static
../src/MFRC522v2.c:1124:15:MIFARE_SetValue	40	static
../src/MFRC522v2.c:1155:15:PCD_NTAG216_AUTH	88	static
../src/MFRC522v2.c:1203:15:PCD_MIFARE_Transceive	88	static
../src/MFRC522v2.c:1250:15:PICC_GetType	16	static
../src/MFRC522v2.c:1286:6:MIFARE_CalculateAccessBits	40	static
../src/MFRC522v2.c:1311:5:PICC_IsNewCardPresent	24	static
../src/MFRC522v2.c:1333:5:PICC_ReadCardSerial	24	static
